<html>
<body>
<pre>
<h1>礦ision Build Log</h1>
<h2>Tool Versions:</h2>
IDE-Version: μVision V5.17.0.0
Copyright (C) 2015 ARM Ltd and ARM Germany GmbH. All rights reserved.
License Information: First Microsoft, Microsoft, LIC=65III-TD8BW-2L4CT-RAS58-B5KII-Q5T56
 
Tool Versions:
Toolchain:       MDK-ARM Standard  Version: 5.17
Toolchain Path:  C:\Keil_v5\ARM\ARMCC\Bin
C Compiler:      Armcc.exe V5.06 update 1 (build 61)
Assembler:       Armasm.exe V5.06 update 1 (build 61)
Linker/Locator:  ArmLink.exe V5.06 update 1 (build 61)
Library Manager: ArmAr.exe V5.06 update 1 (build 61)
Hex Converter:   FromElf.exe V5.06 update 1 (build 61)
CPU DLL:         SARMCM3.DLL V5.17
Dialog DLL:      DCM.DLL V1.13.4.0
Target DLL:      STLink\ST-LINKIII-KEIL_SWO.dll V2.0.18.0
Dialog DLL:      TCM.DLL V1.14.6.0
 
<h2>Project:</h2>
E:\童光强\2017-08\NV\stm32f765_sub_board_beta\MDK-ARM\stm32f765_sub_board_beta.uvprojx
Project File Date:  08/22/2017

<h2>Output:</h2>
*** Using Compiler 'V5.06 update 1 (build 61)', folder: 'C:\Keil_v5\ARM\ARMCC\Bin'
Rebuild target 'stm32f765_sub_board_beta'
compiling stm32f7xx_hal_msp.c...
compiling quadspi.c...
compiling usart.c...
compiling gpio.c...
compiling tim.c...
compiling fmc.c...
compiling stm32f7xx_it.c...
compiling spi.c...
compiling main.c...
../Src/main.c(91): warning:  #177-D: variable "i" was declared but never referenced
  	uint32_t i,j;
../Src/main.c(91): warning:  #177-D: variable "j" was declared but never referenced
  	uint32_t i,j;
../Src/main.c(92): warning:  #177-D: variable "a_temp" was declared but never referenced
  	uint32_t a_temp[]={500,1000,2000,4000,8000,16000,31500,51000,63000};
../Src/main.c(93): warning:  #177-D: variable "p_temp" was declared but never referenced
  	uint32_t p_temp[]={5625,11250,22500,45000,90000,180000,35500};
../Src/main.c: 4 warnings, 0 errors
compiling stm32f7xx_ll_fmc.c...
compiling stm32f7xx_hal_cortex.c...
compiling stm32f7xx_hal_spi.c...
compiling stm32f7xx_hal_i2c_ex.c...
compiling stm32f7xx_hal_uart.c...
compiling stm32f7xx_hal_rcc.c...
compiling stm32f7xx_hal_rcc_ex.c...
compiling stm32f7xx_hal_tim.c...
compiling stm32f7xx_hal_i2c.c...
compiling stm32f7xx_hal.c...
compiling stm32f7xx_hal_dma.c...
compiling stm32f7xx_hal_flash.c...
compiling stm32f7xx_hal_sdram.c...
compiling stm32f7xx_hal_qspi.c...
compiling stm32f7xx_hal_gpio.c...
compiling stm32f7xx_hal_pwr_ex.c...
compiling stm32f7xx_hal_dma_ex.c...
compiling stm32f7xx_hal_tim_ex.c...
compiling stm32f7xx_hal_pwr.c...
compiling system_stm32f7xx.c...
assembling startup_stm32f765xx.s...
compiling stm32f7xx_hal_flash_ex.c...
compiling spi_handle.c...
..\User\spi_handle.c(133): warning:  #177-D: function "__handle_spi_reply" was declared but never referenced
  static void __handle_spi_reply(SPI_HandleTypeDef *hspi)
..\User\spi_handle.c: 1 warning, 0 errors
compiling uart.c...
compiling cmd_handle.c...
..\User\cmd_handle.c(71): warning:  #111-D: statement is unreachable
  	
_HAL_SPI_ENABLE_IT(&hspi2, (SPI_IT_RXNE | SPI_IT_ERR));
..\User\cmd_handle.c: 1 warning, 0 errors
compiling sdram_handle.c...
compiling flash_handle.c...
compiling gpio_handle.c...
compiling tab.c...
..\User\tab.c(115): warning:  #177-D: variable "tmp" was declared but never referenced
  	int32_t tmp;
..\User\tab.c: 1 warning, 0 errors
compiling bsp_mt25q.c...
linking...
Program Size: Code=17336 RO-data=560 RW-data=48 ZI-data=7024  
"stm32f765_sub_board_beta\stm32f765_sub_board_beta.axf" - 0 Error(s), 7 Warning(s).

<h2>Software Packages used:</h2>

Package Vendor: ARM
                http://www.keil.com/pack/ARM.CMSIS.4.5.0.pack
                ARM::CMSIS:CORE:4.3.0
                CMSIS (Cortex Microcontroller Software Interface Standard)
   * Component: CORE Version: 4.3.0

<h2>Collection of Component include folders:</h2>
  E:\童光强\2017-08\NV\stm32f765_sub_board_beta\MDK-ARM\RTE
  C:\Keil_v5\ARM\PACK\ARM\CMSIS\4.5.0\CMSIS\Include
  C:\Keil_v5\ARM\PACK\Keil\STM32F7xx_DFP\2.9.0\Drivers\CMSIS\Device\ST\STM32F7xx\Include

<h2>Collection of Component Files used:</h2>

   * Component: ARM::CMSIS:CORE:4.3.0
Build Time Elapsed:  00:01:01
</pre>
</body>
</html>
