Component: ARM Compiler 5.06 update 1 (build 61) Tool: armlink [4d35a8]

==============================================================================

Section Cross References

    usart.o(i.HAL_UART_MspDeInit) refers to stm32f7xx_hal_gpio.o(i.HAL_GPIO_DeInit) for HAL_GPIO_DeInit
    usart.o(i.HAL_UART_MspDeInit) refers to stm32f7xx_hal_cortex.o(i.HAL_NVIC_DisableIRQ) for HAL_NVIC_DisableIRQ
    usart.o(i.HAL_UART_MspInit) refers to stm32f7xx_hal_gpio.o(i.HAL_GPIO_Init) for HAL_GPIO_Init
    usart.o(i.MX_UART4_Init) refers to stm32f7xx_hal_uart.o(i.HAL_HalfDuplex_Init) for HAL_HalfDuplex_Init
    usart.o(i.MX_UART4_Init) refers to main.o(i._Error_Handler) for _Error_Handler
    usart.o(i.MX_UART4_Init) refers to usart.o(.bss) for .bss
    stm32f7xx_hal_msp.o(i.HAL_MspInit) refers to stm32f7xx_hal_cortex.o(i.HAL_NVIC_SetPriorityGrouping) for HAL_NVIC_SetPriorityGrouping
    stm32f7xx_hal_msp.o(i.HAL_MspInit) refers to stm32f7xx_hal_cortex.o(i.HAL_NVIC_SetPriority) for HAL_NVIC_SetPriority
    quadspi.o(i.HAL_QSPI_MspDeInit) refers to stm32f7xx_hal_gpio.o(i.HAL_GPIO_DeInit) for HAL_GPIO_DeInit
    quadspi.o(i.HAL_QSPI_MspInit) refers to stm32f7xx_hal_gpio.o(i.HAL_GPIO_Init) for HAL_GPIO_Init
    quadspi.o(i.MX_QUADSPI_Init) refers to stm32f7xx_hal_qspi.o(i.HAL_QSPI_Init) for HAL_QSPI_Init
    quadspi.o(i.MX_QUADSPI_Init) refers to main.o(i._Error_Handler) for _Error_Handler
    quadspi.o(i.MX_QUADSPI_Init) refers to quadspi.o(.bss) for .bss
    gpio.o(i.MX_GPIO_Init) refers to stm32f7xx_hal_gpio.o(i.HAL_GPIO_WritePin) for HAL_GPIO_WritePin
    gpio.o(i.MX_GPIO_Init) refers to stm32f7xx_hal_gpio.o(i.HAL_GPIO_Init) for HAL_GPIO_Init
    gpio.o(i.MX_GPIO_Init) refers to stm32f7xx_hal_i2c_ex.o(i.HAL_I2CEx_EnableFastModePlus) for HAL_I2CEx_EnableFastModePlus
    fmc.o(i.HAL_SDRAM_MspDeInit) refers to stm32f7xx_hal_gpio.o(i.HAL_GPIO_DeInit) for HAL_GPIO_DeInit
    fmc.o(i.HAL_SDRAM_MspDeInit) refers to fmc.o(.data) for .data
    fmc.o(i.HAL_SDRAM_MspInit) refers to stm32f7xx_hal_gpio.o(i.HAL_GPIO_Init) for HAL_GPIO_Init
    fmc.o(i.HAL_SDRAM_MspInit) refers to fmc.o(.data) for .data
    fmc.o(i.MX_FMC_Init) refers to stm32f7xx_hal_sdram.o(i.HAL_SDRAM_Init) for HAL_SDRAM_Init
    fmc.o(i.MX_FMC_Init) refers to main.o(i._Error_Handler) for _Error_Handler
    fmc.o(i.MX_FMC_Init) refers to fmc.o(.bss) for .bss
    tim.o(i.HAL_TIM_Base_MspDeInit) refers to stm32f7xx_hal_cortex.o(i.HAL_NVIC_DisableIRQ) for HAL_NVIC_DisableIRQ
    tim.o(i.MX_TIM14_Init) refers to stm32f7xx_hal_tim.o(i.HAL_TIM_Base_Init) for HAL_TIM_Base_Init
    tim.o(i.MX_TIM14_Init) refers to main.o(i._Error_Handler) for _Error_Handler
    tim.o(i.MX_TIM14_Init) refers to tim.o(.bss) for .bss
    stm32f7xx_it.o(i.NMI_Handler) refers to stm32f7xx_hal_rcc.o(i.HAL_RCC_NMI_IRQHandler) for HAL_RCC_NMI_IRQHandler
    stm32f7xx_it.o(i.SPI1_IRQHandler) refers to stm32f7xx_hal_spi.o(i.HAL_SPI_IRQHandler) for HAL_SPI_IRQHandler
    stm32f7xx_it.o(i.SPI1_IRQHandler) refers to spi.o(.bss) for hspi1
    stm32f7xx_it.o(i.SPI2_IRQHandler) refers to stm32f7xx_hal_spi.o(i.HAL_SPI_IRQHandler) for HAL_SPI_IRQHandler
    stm32f7xx_it.o(i.SPI2_IRQHandler) refers to spi.o(.bss) for hspi2
    stm32f7xx_it.o(i.SysTick_Handler) refers to stm32f7xx_hal.o(i.HAL_IncTick) for HAL_IncTick
    stm32f7xx_it.o(i.SysTick_Handler) refers to stm32f7xx_hal_cortex.o(i.HAL_SYSTICK_IRQHandler) for HAL_SYSTICK_IRQHandler
    stm32f7xx_it.o(i.TIM8_TRG_COM_TIM14_IRQHandler) refers to stm32f7xx_hal_tim.o(i.HAL_TIM_IRQHandler) for HAL_TIM_IRQHandler
    stm32f7xx_it.o(i.TIM8_TRG_COM_TIM14_IRQHandler) refers to tim.o(.bss) for htim14
    stm32f7xx_it.o(i.UART4_IRQHandler) refers to stm32f7xx_hal_uart.o(i.HAL_UART_IRQHandler) for HAL_UART_IRQHandler
    stm32f7xx_it.o(i.UART4_IRQHandler) refers to usart.o(.bss) for huart4
    spi.o(i.HAL_SPI_MspDeInit) refers to stm32f7xx_hal_gpio.o(i.HAL_GPIO_DeInit) for HAL_GPIO_DeInit
    spi.o(i.HAL_SPI_MspDeInit) refers to stm32f7xx_hal_cortex.o(i.HAL_NVIC_DisableIRQ) for HAL_NVIC_DisableIRQ
    spi.o(i.HAL_SPI_MspInit) refers to stm32f7xx_hal_gpio.o(i.HAL_GPIO_Init) for HAL_GPIO_Init
    spi.o(i.MX_SPI1_Init) refers to stm32f7xx_hal_spi.o(i.HAL_SPI_Init) for HAL_SPI_Init
    spi.o(i.MX_SPI1_Init) refers to main.o(i._Error_Handler) for _Error_Handler
    spi.o(i.MX_SPI1_Init) refers to spi.o(.bss) for .bss
    spi.o(i.MX_SPI2_Init) refers to stm32f7xx_hal_spi.o(i.HAL_SPI_Init) for HAL_SPI_Init
    spi.o(i.MX_SPI2_Init) refers to main.o(i._Error_Handler) for _Error_Handler
    spi.o(i.MX_SPI2_Init) refers to spi.o(.bss) for .bss
    main.o(i.SystemClock_Config) refers to stm32f7xx_hal_rcc.o(i.HAL_RCC_OscConfig) for HAL_RCC_OscConfig
    main.o(i.SystemClock_Config) refers to stm32f7xx_hal_pwr_ex.o(i.HAL_PWREx_EnableOverDrive) for HAL_PWREx_EnableOverDrive
    main.o(i.SystemClock_Config) refers to stm32f7xx_hal_rcc.o(i.HAL_RCC_ClockConfig) for HAL_RCC_ClockConfig
[...]
    Removing spi_handle.o(i.ready_to_read), (48 bytes).
    Removing spi_handle.o(.data), (1 bytes).
    Removing cmd_handle.o(.rev16_text), (4 bytes).
    Removing cmd_handle.o(.revsh_text), (4 bytes).
    Removing cmd_handle.o(.rrx_text), (6 bytes).
    Removing cmd_handle.o(i.check_msg), (4 bytes).
    Removing gpio_handle.o(.rev16_text), (4 bytes).
    Removing gpio_handle.o(.revsh_text), (4 bytes).
    Removing gpio_handle.o(.rrx_text), (6 bytes).
    Removing gpio_handle.o(i.reset_ctrl_port1), (36 bytes).
    Removing gpio_handle.o(i.reset_ctrl_port2), (36 bytes).
    Removing gpio_handle.o(i.reset_ctrl_port3), (36 bytes).
    Removing gpio_handle.o(i.reset_ctrl_port4), (36 bytes).
    Removing gpio_handle.o(i.reset_ctrl_port5), (36 bytes).
    Removing gpio_handle.o(i.reset_ctrl_port7), (16 bytes).
    Removing gpio_handle.o(i.reset_ctrl_port8), (16 bytes).
    Removing gpio_handle.o(i.sync_ctrl_port1), (44 bytes).
    Removing gpio_handle.o(i.sync_ctrl_port2), (44 bytes).
    Removing gpio_handle.o(i.sync_ctrl_port3), (44 bytes).
    Removing gpio_handle.o(i.sync_ctrl_port4), (44 bytes).
    Removing gpio_handle.o(i.sync_ctrl_port5), (44 bytes).
    Removing gpio_handle.o(i.sync_ctrl_port7), (24 bytes).
    Removing gpio_handle.o(i.sync_ctrl_port8), (24 bytes).
    Removing gpio_handle.o(.constdata), (16 bytes).
    Removing flash_handle.o(.rev16_text), (4 bytes).
    Removing flash_handle.o(.revsh_text), (4 bytes).
    Removing flash_handle.o(.rrx_text), (6 bytes).
    Removing flash_handle.o(i.flash_read), (188 bytes).
    Removing flash_handle.o(i.print_all_address), (112 bytes).
    Removing sdram_handle.o(.rev16_text), (4 bytes).
    Removing sdram_handle.o(.revsh_text), (4 bytes).
    Removing sdram_handle.o(.rrx_text), (6 bytes).
    Removing sdram_handle.o(i.FMC_SDRAM_ReadBuffer), (26 bytes).
    Removing sdram_handle.o(i.FMC_SDRAM_WriteBuffer), (28 bytes).
    Removing sdram_handle.o(i.SDRAM_Send_Cmd), (64 bytes).
    Removing sdram_handle.o(i.flash2mem), (140 bytes).
    Removing sdram_handle.o(i.read_write_test), (192 bytes).
    Removing sdram_handle.o(i.sdram_rw_test), (188 bytes).
    Removing bsp_mt25q.o(.rev16_text), (4 bytes).
    Removing bsp_mt25q.o(.revsh_text), (4 bytes).
    Removing bsp_mt25q.o(.rrx_text), (6 bytes).
    Removing bsp_mt25q.o(i.QSPI_DummyCyclesCfg), (164 bytes).
    Removing bsp_mt25q.o(i.QSPI_EraseChip), (92 bytes).
    Removing bsp_mt25q.o(i.QSPI_EraseSector_4K), (100 bytes).
    Removing bsp_mt25q.o(i.QSPI_GetInformation), (38 bytes).
    Removing bsp_mt25q.o(i.QSPI_ReadBuff), (120 bytes).
    Removing bsp_mt25q.o(i.QSPI_ResetMemory), (84 bytes).
    Removing bsp_mt25q.o(i.QSPI_WriteBuffAutoEraseSector), (612 bytes).
    Removing bsp_mt25q.o(i.QSPI_WritePageByte), (104 bytes).
    Removing bsp_mt25q.o(i.QSPI_Write_NoCheck), (156 bytes).
    Removing bsp_mt25q.o(i.QSPI_Write_SR), (100 bytes).
    Removing tab.o(.rev16_text), (4 bytes).
    Removing tab.o(.revsh_text), (4 bytes).
    Removing tab.o(.rrx_text), (6 bytes).
    Removing tab.o(i.bin_search), (172 bytes).
    Removing tab.o(i.get_a_index), (16 bytes).
    Removing tab.o(i.print_all), (220 bytes).
    Removing tab.o(i.search_1ch), (456 bytes).
    Removing tab.o(i.search_left_right), (116 bytes).
    Removing tab.o(i.tab_init), (136 bytes).
    Removing tab.o(.bss), (18432 bytes).
    Removing tab.o(.data), (16 bytes).
    Removing dadd.o(.text), (334 bytes).
    Removing dmul.o(.text), (228 bytes).
    Removing ddiv.o(.text), (222 bytes).
    Removing dfixul.o(.text), (48 bytes).
    Removing cdrcmple.o(.text), (48 bytes).
    Removing depilogue.o(.text), (186 bytes).

634 unused section(s) (total 74521 bytes) removed from the image.

==============================================================================

Image Symbol Table

    Local Symbols

    Symbol Name                              Value     Ov Type        Size  Object(Section)

    ../Drivers/STM32F7xx_HAL_Driver/Src/stm32f7xx_hal.c 0x00000000   Number         0  stm32f7xx_hal.o ABSOLUTE
    ../Drivers/STM32F7xx_HAL_Driver/Src/stm32f7xx_hal_cortex.c 0x00000000   Number         0  stm32f7xx_hal_cortex.o ABSOLUTE
    ../Drivers/STM32F7xx_HAL_Driver/Src/stm32f7xx_hal_dma.c 0x00000000   Number         0  stm32f7xx_hal_dma.o ABSOLUTE
    ../Drivers/STM32F7xx_HAL_Driver/Src/stm32f7xx_hal_dma_ex.c 0x00000000   Number         0  stm32f7xx_hal_dma_ex.o ABSOLUTE
    ../Drivers/STM32F7xx_HAL_Driver/Src/stm32f7xx_hal_flash.c 0x00000000   Number         0  stm32f7xx_hal_flash.o ABSOLUTE
    ../Drivers/STM32F7xx_HAL_Driver/Src/stm32f7xx_hal_flash_ex.c 0x00000000   Number         0  stm32f7xx_hal_flash_ex.o ABSOLUTE
    ../Drivers/STM32F7xx_HAL_Driver/Src/stm32f7xx_hal_gpio.c 0x00000000   Number         0  stm32f7xx_hal_gpio.o ABSOLUTE
    ../Drivers/STM32F7xx_HAL_Driver/Src/stm32f7xx_hal_i2c.c 0x00000000   Number         0  stm32f7xx_hal_i2c.o ABSOLUTE
    ../Drivers/STM32F7xx_HAL_Driver/Src/stm32f7xx_hal_i2c_ex.c 0x00000000   Number         0  stm32f7xx_hal_i2c_ex.o ABSOLUTE
    ../Drivers/STM32F7xx_HAL_Driver/Src/stm32f7xx_hal_pwr.c 0x00000000   Number         0  stm32f7xx_hal_pwr.o ABSOLUTE
    ../Drivers/STM32F7xx_HAL_Driver/Src/stm32f7xx_hal_pwr_ex.c 0x00000000   Number         0  stm32f7xx_hal_pwr_ex.o ABSOLUTE
    ../Drivers/STM32F7xx_HAL_Driver/Src/stm32f7xx_hal_qspi.c 0x00000000   Number         0  stm32f7xx_hal_qspi.o ABSOLUTE
    ../Drivers/STM32F7xx_HAL_Driver/Src/stm32f7xx_hal_rcc.c 0x00000000   Number         0  stm32f7xx_hal_rcc.o ABSOLUTE
    ../Drivers/STM32F7xx_HAL_Driver/Src/stm32f7xx_hal_rcc_ex.c 0x00000000   Number         0  stm32f7xx_hal_rcc_ex.o ABSOLUTE
    ../Drivers/STM32F7xx_HAL_Driver/Src/stm32f7xx_hal_sdram.c 0x00000000   Number         0  stm32f7xx_hal_sdram.o ABSOLUTE
    ../Drivers/STM32F7xx_HAL_Driver/Src/stm32f7xx_hal_spi.c 0x00000000   Number         0  stm32f7xx_hal_spi.o ABSOLUTE
    ../Drivers/STM32F7xx_HAL_Driver/Src/stm32f7xx_hal_tim.c 0x00000000   Number         0  stm32f7xx_hal_tim.o ABSOLUTE
    ../Drivers/STM32F7xx_HAL_Driver/Src/stm32f7xx_hal_tim_ex.c 0x00000000   Number         0  stm32f7xx_hal_tim_ex.o ABSOLUTE
    ../Drivers/STM32F7xx_HAL_Driver/Src/stm32f7xx_hal_uart.c 0x00000000   Number         0  stm32f7xx_hal_uart.o ABSOLUTE
    ../Drivers/STM32F7xx_HAL_Driver/Src/stm32f7xx_ll_fmc.c 0x00000000   Number         0  stm32f7xx_ll_fmc.o ABSOLUTE
    ../Src/fmc.c                             0x00000000   Number         0  fmc.o ABSOLUTE
    ../Src/gpio.c                            0x00000000   Number         0  gpio.o ABSOLUTE
    ../Src/main.c                            0x00000000   Number         0  main.o ABSOLUTE
    ../Src/quadspi.c                         0x00000000   Number         0  quadspi.o ABSOLUTE
    ../Src/spi.c                             0x00000000   Number         0  spi.o ABSOLUTE
    ../Src/stm32f7xx_hal_msp.c               0x00000000   Number         0  stm32f7xx_hal_msp.o ABSOLUTE
    ../Src/stm32f7xx_it.c                    0x00000000   Number         0  stm32f7xx_it.o ABSOLUTE
    ../Src/system_stm32f7xx.c                0x00000000   Number         0  system_stm32f7xx.o ABSOLUTE
    ../Src/tim.c                             0x00000000   Number         0  tim.o ABSOLUTE
    ../Src/usart.c                           0x00000000   Number         0  usart.o ABSOLUTE
    ../clib/microlib/division.c              0x00000000   Number         0  uldiv.o ABSOLUTE
    ../clib/microlib/division.c              0x00000000   Number         0  uidiv.o ABSOLUTE
    ../clib/microlib/init/entry.s            0x00000000   Number         0  entry5.o ABSOLUTE
    ../clib/microlib/init/entry.s            0x00000000   Number         0  entry10a.o ABSOLUTE
    ../clib/microlib/init/entry.s            0x00000000   Number         0  entry2.o ABSOLUTE
    ../clib/microlib/init/entry.s            0x00000000   Number         0  entry11b.o ABSOLUTE
    ../clib/microlib/init/entry.s            0x00000000   Number         0  entry.o ABSOLUTE
    ../clib/microlib/init/entry.s            0x00000000   Number         0  entry8a.o ABSOLUTE
    ../clib/microlib/init/entry.s            0x00000000   Number         0  entry11a.o ABSOLUTE
    ../clib/microlib/init/entry.s            0x00000000   Number         0  entry10b.o ABSOLUTE
    ../clib/microlib/init/entry.s            0x00000000   Number         0  entry7a.o ABSOLUTE
    ../clib/microlib/init/entry.s            0x00000000   Number         0  entry9b.o ABSOLUTE
    ../clib/microlib/init/entry.s            0x00000000   Number         0  entry9a.o ABSOLUTE
    ../clib/microlib/init/entry.s            0x00000000   Number         0  entry8b.o ABSOLUTE
    ../clib/microlib/init/entry.s            0x00000000   Number         0  entry7b.o ABSOLUTE
    ../clib/microlib/longlong.c              0x00000000   Number         0  llshl.o ABSOLUTE
    ../clib/microlib/longlong.c              0x00000000   Number         0  llushr.o ABSOLUTE
    ../clib/microlib/longlong.c              0x00000000   Number         0  llsshr.o ABSOLUTE
    ../clib/microlib/printf/printf.c         0x00000000   Number         0  printf8.o ABSOLUTE
    ../clib/microlib/printf/printf.c         0x00000000   Number         0  printf7.o ABSOLUTE
    ../clib/microlib/printf/printf.c         0x00000000   Number         0  printf6.o ABSOLUTE
    ../clib/microlib/printf/printf.c         0x00000000   Number         0  printfa.o ABSOLUTE
    ../clib/microlib/printf/printf.c         0x00000000   Number         0  printfb.o ABSOLUTE
    ../clib/microlib/printf/printf.c         0x00000000   Number         0  printf0.o ABSOLUTE
    ../clib/microlib/printf/printf.c         0x00000000   Number         0  printf1.o ABSOLUTE
    ../clib/microlib/printf/printf.c         0x00000000   Number         0  printf4.o ABSOLUTE
    ../clib/microlib/printf/printf.c         0x00000000   Number         0  printf2.o ABSOLUTE
    ../clib/microlib/printf/printf.c         0x00000000   Number         0  printf3.o ABSOLUTE
    ../clib/microlib/printf/printf.c         0x00000000   Number         0  printf5.o ABSOLUTE
    ../clib/microlib/printf/stubs.s          0x00000000   Number         0  stubs.o ABSOLUTE
    ../clib/microlib/stdio/streams.c         0x00000000   Number         0  stdout.o ABSOLUTE
    ../clib/microlib/string/memcpy.c         0x00000000   Number         0  memcpya.o ABSOLUTE
    ../clib/microlib/string/memcpy.c         0x00000000   Number         0  memcpyb.o ABSOLUTE
    ../clib/microlib/string/memset.c         0x00000000   Number         0  memseta.o ABSOLUTE
    ../clib/microlib/stubs.s                 0x00000000   Number         0  iusefp.o ABSOLUTE
    ../fplib/microlib/fpadd.c                0x00000000   Number         0  dadd.o ABSOLUTE
    ../fplib/microlib/fpdiv.c                0x00000000   Number         0  ddiv.o ABSOLUTE
    ../fplib/microlib/fpepilogue.c           0x00000000   Number         0  depilogue.o ABSOLUTE
    ../fplib/microlib/fpfix.c                0x00000000   Number         0  dfixul.o ABSOLUTE
    ../fplib/microlib/fpmul.c                0x00000000   Number         0  dmul.o ABSOLUTE
    ..\Drivers\STM32F7xx_HAL_Driver\Src\stm32f7xx_hal.c 0x00000000   Number         0  stm32f7xx_hal.o ABSOLUTE
    ..\Drivers\STM32F7xx_HAL_Driver\Src\stm32f7xx_hal_cortex.c 0x00000000   Number         0  stm32f7xx_hal_cortex.o ABSOLUTE
    ..\Drivers\STM32F7xx_HAL_Driver\Src\stm32f7xx_hal_dma.c 0x00000000   Number         0  stm32f7xx_hal_dma.o ABSOLUTE
    ..\Drivers\STM32F7xx_HAL_Driver\Src\stm32f7xx_hal_dma_ex.c 0x00000000   Number         0  stm32f7xx_hal_dma_ex.o ABSOLUTE
    ..\Drivers\STM32F7xx_HAL_Driver\Src\stm32f7xx_hal_flash.c 0x00000000   Number         0  stm32f7xx_hal_flash.o ABSOLUTE
    ..\Drivers\STM32F7xx_HAL_Driver\Src\stm32f7xx_hal_flash_ex.c 0x00000000   Number         0  stm32f7xx_hal_flash_ex.o ABSOLUTE
    ..\Drivers\STM32F7xx_HAL_Driver\Src\stm32f7xx_hal_gpio.c 0x00000000   Number         0  stm32f7xx_hal_gpio.o ABSOLUTE
    ..\Drivers\STM32F7xx_HAL_Driver\Src\stm32f7xx_hal_i2c.c 0x00000000   Number         0  stm32f7xx_hal_i2c.o ABSOLUTE
    ..\Drivers\STM32F7xx_HAL_Driver\Src\stm32f7xx_hal_i2c_ex.c 0x00000000   Number         0  stm32f7xx_hal_i2c_ex.o ABSOLUTE
    ..\Drivers\STM32F7xx_HAL_Driver\Src\stm32f7xx_hal_pwr.c 0x00000000   Number         0  stm32f7xx_hal_pwr.o ABSOLUTE
    ..\Drivers\STM32F7xx_HAL_Driver\Src\stm32f7xx_hal_pwr_ex.c 0x00000000   Number         0  stm32f7xx_hal_pwr_ex.o ABSOLUTE
    ..\Drivers\STM32F7xx_HAL_Driver\Src\stm32f7xx_hal_qspi.c 0x00000000   Number         0  stm32f7xx_hal_qspi.o ABSOLUTE
    ..\Drivers\STM32F7xx_HAL_Driver\Src\stm32f7xx_hal_rcc.c 0x00000000   Number         0  stm32f7xx_hal_rcc.o ABSOLUTE
    ..\Drivers\STM32F7xx_HAL_Driver\Src\stm32f7xx_hal_rcc_ex.c 0x00000000   Number         0  stm32f7xx_hal_rcc_ex.o ABSOLUTE
    ..\Drivers\STM32F7xx_HAL_Driver\Src\stm32f7xx_hal_sdram.c 0x00000000   Number         0  stm32f7xx_hal_sdram.o ABSOLUTE
    ..\Drivers\STM32F7xx_HAL_Driver\Src\stm32f7xx_hal_spi.c 0x00000000   Number         0  stm32f7xx_hal_spi.o ABSOLUTE
    ..\Drivers\STM32F7xx_HAL_Driver\Src\stm32f7xx_hal_tim.c 0x00000000   Number         0  stm32f7xx_hal_tim.o ABSOLUTE
    ..\Drivers\STM32F7xx_HAL_Driver\Src\stm32f7xx_hal_tim_ex.c 0x00000000   Number         0  stm32f7xx_hal_tim_ex.o ABSOLUTE
    ..\Drivers\STM32F7xx_HAL_Driver\Src\stm32f7xx_hal_uart.c 0x00000000   Number         0  stm32f7xx_hal_uart.o ABSOLUTE
    ..\Drivers\STM32F7xx_HAL_Driver\Src\stm32f7xx_ll_fmc.c 0x00000000   Number         0  stm32f7xx_ll_fmc.o ABSOLUTE
    ..\Src\fmc.c                             0x00000000   Number         0  fmc.o ABSOLUTE
    ..\Src\gpio.c                            0x00000000   Number         0  gpio.o ABSOLUTE
    ..\Src\main.c                            0x00000000   Number         0  main.o ABSOLUTE
    ..\Src\quadspi.c                         0x00000000   Number         0  quadspi.o ABSOLUTE
    ..\Src\spi.c                             0x00000000   Number         0  spi.o ABSOLUTE
    ..\Src\stm32f7xx_hal_msp.c               0x00000000   Number         0  stm32f7xx_hal_msp.o ABSOLUTE
    ..\Src\stm32f7xx_it.c                    0x00000000   Number         0  stm32f7xx_it.o ABSOLUTE
    ..\Src\system_stm32f7xx.c                0x00000000   Number         0  system_stm32f7xx.o ABSOLUTE
    ..\Src\tim.c                             0x00000000   Number         0  tim.o ABSOLUTE
    ..\Src\usart.c                           0x00000000   Number         0  usart.o ABSOLUTE
    ..\User\bsp_mt25q.c                      0x00000000   Number         0  bsp_mt25q.o ABSOLUTE
    ..\User\cmd_handle.c                     0x00000000   Number         0  cmd_handle.o ABSOLUTE
    ..\User\flash_handle.c                   0x00000000   Number         0  flash_handle.o ABSOLUTE
    ..\User\gpio_handle.c                    0x00000000   Number         0  gpio_handle.o ABSOLUTE
    ..\User\sdram_handle.c                   0x00000000   Number         0  sdram_handle.o ABSOLUTE
    ..\User\spi_handle.c                     0x00000000   Number         0  spi_handle.o ABSOLUTE
    ..\User\tab.c                            0x00000000   Number         0  tab.o ABSOLUTE
    ..\User\uart.c                           0x00000000   Number         0  uart.o ABSOLUTE
    ..\\User\\bsp_mt25q.c                    0x00000000   Number         0  bsp_mt25q.o ABSOLUTE
    ..\\User\\cmd_handle.c                   0x00000000   Number         0  cmd_handle.o ABSOLUTE
    ..\\User\\flash_handle.c                 0x00000000   Number         0  flash_handle.o ABSOLUTE
    ..\\User\\gpio_handle.c                  0x00000000   Number         0  gpio_handle.o ABSOLUTE
    ..\\User\\sdram_handle.c                 0x00000000   Number         0  sdram_handle.o ABSOLUTE
    ..\\User\\spi_handle.c                   0x00000000   Number         0  spi_handle.o ABSOLUTE
    ..\\User\\tab.c                          0x00000000   Number         0  tab.o ABSOLUTE
    ..\\User\\uart.c                         0x00000000   Number         0  uart.o ABSOLUTE
    cdrcmple.s                               0x00000000   Number         0  cdrcmple.o ABSOLUTE
    dc.s                                     0x00000000   Number         0  dc.o ABSOLUTE
    handlers.s                               0x00000000   Number         0  handlers.o ABSOLUTE
    init.s                                   0x00000000   Number         0  init.o ABSOLUTE
    startup_stm32f765xx.s                    0x00000000   Number         0  startup_stm32f765xx.o ABSOLUTE
    RESET                                    0x08000000   Section      504  startup_stm32f765xx.o(RESET)
    .ARM.Collect$$$$00000000                 0x080001f8   Section        0  entry.o(.ARM.Collect$$$$00000000)
    .ARM.Collect$$$$00000001                 0x080001f8   Section        4  entry2.o(.ARM.Collect$$$$00000001)
    .ARM.Collect$$$$00000004                 0x080001fc   Section        4  entry5.o(.ARM.Collect$$$$00000004)
    .ARM.Collect$$$$00000008                 0x08000200   Section        0  entry7b.o(.ARM.Collect$$$$00000008)
    .ARM.Collect$$$$0000000A                 0x08000200   Section        0  entry8b.o(.ARM.Collect$$$$0000000A)
    .ARM.Collect$$$$0000000B                 0x08000200   Section        8  entry9a.o(.ARM.Collect$$$$0000000B)
    .ARM.Collect$$$$0000000D                 0x08000208   Section        0  entry10a.o(.ARM.Collect$$$$0000000D)
    .ARM.Collect$$$$0000000F                 0x08000208   Section        0  entry11a.o(.ARM.Collect$$$$0000000F)
    .ARM.Collect$$$$00002712                 0x08000208   Section        4  entry2.o(.ARM.Collect$$$$00002712)
    __lit__00000000                          0x08000208   Data           4  entry2.o(.ARM.Collect$$$$00002712)
    .text                                    0x0800020c   Section       36  startup_stm32f765xx.o(.text)
    $v0                                      0x0800020c   Number         0  startup_stm32f765xx.o(.text)
    .text                                    0x08000230   Section        0  memcpya.o(.text)
    .text                                    0x08000254   Section        0  uldiv.o(.text)
    .text                                    0x080002b8   Section       36  init.o(.text)
    .text                                    0x080002dc   Section        0  llshl.o(.text)
    .text                                    0x080002fa   Section        0  llushr.o(.text)
    i.BusFault_Handler                       0x0800031a   Section        0  stm32f7xx_it.o(i.BusFault_Handler)
    i.DebugMon_Handler                       0x0800031c   Section        0  stm32f7xx_it.o(i.DebugMon_Handler)
    i.FMC_SDRAM_Init                         0x0800031e   Section        0  stm32f7xx_ll_fmc.o(i.FMC_SDRAM_Init)
    i.FMC_SDRAM_ProgramRefreshRate           0x08000382   Section        0  stm32f7xx_ll_fmc.o(i.FMC_SDRAM_ProgramRefreshRate)
    i.FMC_SDRAM_SendCommand                  0x0800038e   Section        0  stm32f7xx_ll_fmc.o(i.FMC_SDRAM_SendCommand)
    i.FMC_SDRAM_Timing_Init                  0x080003e0   Section        0  stm32f7xx_ll_fmc.o(i.FMC_SDRAM_Timing_Init)
    i.HAL_DMA_Abort_IT                       0x08000470   Section        0  stm32f7xx_hal_dma.o(i.HAL_DMA_Abort_IT)
    i.HAL_Delay                              0x08000494   Section        0  stm32f7xx_hal.o(i.HAL_Delay)
    i.HAL_GPIO_Init                          0x080004ac   Section        0  stm32f7xx_hal_gpio.o(i.HAL_GPIO_Init)
    i.HAL_GPIO_WritePin                      0x080006fc   Section        0  stm32f7xx_hal_gpio.o(i.HAL_GPIO_WritePin)
    i.HAL_GetTick                            0x08000708   Section        0  stm32f7xx_hal.o(i.HAL_GetTick)
    i.HAL_HalfDuplex_Init                    0x08000714   Section        0  stm32f7xx_hal_uart.o(i.HAL_HalfDuplex_Init)
    i.HAL_I2CEx_EnableFastModePlus           0x0800078c   Section        0  stm32f7xx_hal_i2c_ex.o(i.HAL_I2CEx_EnableFastModePlus)
    i.HAL_IncTick                            0x080007b4   Section        0  stm32f7xx_hal.o(i.HAL_IncTick)
    i.HAL_Init                               0x080007c4   Section        0  stm32f7xx_hal.o(i.HAL_Init)
    i.HAL_InitTick                           0x080007e8   Section        0  stm32f7xx_hal.o(i.HAL_InitTick)
    i.HAL_MspInit                            0x08000810   Section        0  stm32f7xx_hal_msp.o(i.HAL_MspInit)
    i.HAL_NVIC_EnableIRQ                     0x08000868   Section        0  stm32f7xx_hal_cortex.o(i.HAL_NVIC_EnableIRQ)
    i.HAL_NVIC_SetPriority                   0x08000880   Section        0  stm32f7xx_hal_cortex.o(i.HAL_NVIC_SetPriority)
    i.HAL_NVIC_SetPriorityGrouping           0x080008e0   Section        0  stm32f7xx_hal_cortex.o(i.HAL_NVIC_SetPriorityGrouping)
    i.HAL_PWREx_EnableOverDrive              0x08000904   Section        0  stm32f7xx_hal_pwr_ex.o(i.HAL_PWREx_EnableOverDrive)
    i.HAL_QSPI_Command                       0x08000980   Section        0  stm32f7xx_hal_qspi.o(i.HAL_QSPI_Command)
    i.HAL_QSPI_Init                          0x08000a14   Section        0  stm32f7xx_hal_qspi.o(i.HAL_QSPI_Init)
    i.HAL_QSPI_MspInit                       0x08000ae0   Section        0  quadspi.o(i.HAL_QSPI_MspInit)
    i.HAL_QSPI_Receive                       0x08000b5c   Section        0  stm32f7xx_hal_qspi.o(i.HAL_QSPI_Receive)
    i.HAL_QSPI_Transmit                      0x08000c24   Section        0  stm32f7xx_hal_qspi.o(i.HAL_QSPI_Transmit)
    i.HAL_RCCEx_PeriphCLKConfig              0x08000ce4   Section        0  stm32f7xx_hal_rcc_ex.o(i.HAL_RCCEx_PeriphCLKConfig)
    i.HAL_RCC_CSSCallback                    0x08001408   Section        0  stm32f7xx_hal_rcc.o(i.HAL_RCC_CSSCallback)
    i.HAL_RCC_ClockConfig                    0x0800140c   Section        0  stm32f7xx_hal_rcc.o(i.HAL_RCC_ClockConfig)
    i.HAL_RCC_EnableCSS                      0x08001614   Section        0  stm32f7xx_hal_rcc.o(i.HAL_RCC_EnableCSS)
    i.HAL_RCC_GetHCLKFreq                    0x08001624   Section        0  stm32f7xx_hal_rcc.o(i.HAL_RCC_GetHCLKFreq)
    i.HAL_RCC_GetPCLK1Freq                   0x08001630   Section        0  stm32f7xx_hal_rcc.o(i.HAL_RCC_GetPCLK1Freq)
    i.HAL_RCC_GetPCLK2Freq                   0x08001660   Section        0  stm32f7xx_hal_rcc.o(i.HAL_RCC_GetPCLK2Freq)
    i.HAL_RCC_GetSysClockFreq                0x08001690   Section        0  stm32f7xx_hal_rcc.o(i.HAL_RCC_GetSysClockFreq)
    i.HAL_RCC_NMI_IRQHandler                 0x08001728   Section        0  stm32f7xx_hal_rcc.o(i.HAL_RCC_NMI_IRQHandler)
    i.HAL_RCC_OscConfig                      0x0800174c   Section        0  stm32f7xx_hal_rcc.o(i.HAL_RCC_OscConfig)
    i.HAL_SDRAM_Init                         0x08001b58   Section        0  stm32f7xx_hal_sdram.o(i.HAL_SDRAM_Init)
    i.HAL_SDRAM_MspInit                      0x08001b9c   Section        0  fmc.o(i.HAL_SDRAM_MspInit)
    i.HAL_SDRAM_ProgramRefreshRate           0x08001c44   Section        0  stm32f7xx_hal_sdram.o(i.HAL_SDRAM_ProgramRefreshRate)
    i.HAL_SDRAM_SendCommand                  0x08001c68   Section        0  stm32f7xx_hal_sdram.o(i.HAL_SDRAM_SendCommand)
    i.HAL_SPI_ErrorCallback                  0x08001c96   Section        0  stm32f7xx_hal_spi.o(i.HAL_SPI_ErrorCallback)
    i.HAL_SPI_IRQHandler                     0x08001c98   Section        0  stm32f7xx_hal_spi.o(i.HAL_SPI_IRQHandler)
    i.HAL_SPI_Init                           0x08001d90   Section        0  stm32f7xx_hal_spi.o(i.HAL_SPI_Init)
    i.HAL_SPI_MspInit                        0x08001e64   Section        0  spi.o(i.HAL_SPI_MspInit)
    i.HAL_SYSTICK_CLKSourceConfig            0x08001f20   Section        0  stm32f7xx_hal_cortex.o(i.HAL_SYSTICK_CLKSourceConfig)
    i.HAL_SYSTICK_Callback                   0x08001f36   Section        0  stm32f7xx_hal_cortex.o(i.HAL_SYSTICK_Callback)
    i.HAL_SYSTICK_Config                     0x08001f38   Section        0  stm32f7xx_hal_cortex.o(i.HAL_SYSTICK_Config)
    i.HAL_SYSTICK_IRQHandler                 0x08001f60   Section        0  stm32f7xx_hal_cortex.o(i.HAL_SYSTICK_IRQHandler)
    i.HAL_TIMEx_BreakCallback                0x08001f68   Section        0  stm32f7xx_hal_tim_ex.o(i.HAL_TIMEx_BreakCallback)
    i.HAL_TIMEx_CommutationCallback          0x08001f6a   Section        0  stm32f7xx_hal_tim_ex.o(i.HAL_TIMEx_CommutationCallback)
    i.HAL_TIM_Base_Init                      0x08001f6c   Section        0  stm32f7xx_hal_tim.o(i.HAL_TIM_Base_Init)
    i.HAL_TIM_Base_MspInit                   0x08001fa4   Section        0  tim.o(i.HAL_TIM_Base_MspInit)
    i.HAL_TIM_IC_CaptureCallback             0x08001fd0   Section        0  stm32f7xx_hal_tim.o(i.HAL_TIM_IC_CaptureCallback)
    i.HAL_TIM_IRQHandler                     0x08001fd2   Section        0  stm32f7xx_hal_tim.o(i.HAL_TIM_IRQHandler)
    i.HAL_TIM_OC_DelayElapsedCallback        0x08002156   Section        0  stm32f7xx_hal_tim.o(i.HAL_TIM_OC_DelayElapsedCallback)
    i.HAL_TIM_PWM_PulseFinishedCallback      0x08002158   Section        0  stm32f7xx_hal_tim.o(i.HAL_TIM_PWM_PulseFinishedCallback)
    i.HAL_TIM_PeriodElapsedCallback          0x0800215a   Section        0  stm32f7xx_hal_tim.o(i.HAL_TIM_PeriodElapsedCallback)
    i.HAL_TIM_TriggerCallback                0x0800215c   Section        0  stm32f7xx_hal_tim.o(i.HAL_TIM_TriggerCallback)
    i.HAL_UART_ErrorCallback                 0x0800215e   Section        0  stm32f7xx_hal_uart.o(i.HAL_UART_ErrorCallback)
    i.HAL_UART_IRQHandler                    0x08002160   Section        0  stm32f7xx_hal_uart.o(i.HAL_UART_IRQHandler)
    i.HAL_UART_MspInit                       0x080023f0   Section        0  usart.o(i.HAL_UART_MspInit)
    i.HAL_UART_RxCpltCallback                0x08002444   Section        0  stm32f7xx_hal_uart.o(i.HAL_UART_RxCpltCallback)
    i.HAL_UART_Transmit                      0x08002448   Section        0  stm32f7xx_hal_uart.o(i.HAL_UART_Transmit)
    i.HAL_UART_TxCpltCallback                0x08002554   Section        0  stm32f7xx_hal_uart.o(i.HAL_UART_TxCpltCallback)
    i.HardFault_Handler                      0x08002556   Section        0  stm32f7xx_it.o(i.HardFault_Handler)
    i.MX_FMC_Init                            0x08002558   Section        0  fmc.o(i.MX_FMC_Init)
    i.MX_GPIO_Init                           0x080025dc   Section        0  gpio.o(i.MX_GPIO_Init)
    i.MX_QUADSPI_Init                        0x080027e0   Section        0  quadspi.o(i.MX_QUADSPI_Init)
    i.MX_SPI1_Init                           0x08002834   Section        0  spi.o(i.MX_SPI1_Init)
    i.MX_SPI2_Init                           0x08002890   Section        0  spi.o(i.MX_SPI2_Init)
    i.MX_TIM14_Init                          0x080028ec   Section        0  tim.o(i.MX_TIM14_Init)
    i.MX_UART4_Init                          0x08002938   Section        0  usart.o(i.MX_UART4_Init)
    i.MemManage_Handler                      0x08002994   Section        0  stm32f7xx_it.o(i.MemManage_Handler)
    i.NMI_Handler                            0x08002996   Section        0  stm32f7xx_it.o(i.NMI_Handler)
    i.PendSV_Handler                         0x0800299a   Section        0  stm32f7xx_it.o(i.PendSV_Handler)
    i.QSPI_AutoPollingMemReady               0x0800299c   Section        0  bsp_mt25q.o(i.QSPI_AutoPollingMemReady)
    QSPI_AutoPollingMemReady                 0x0800299d   Thumb Code   120  bsp_mt25q.o(i.QSPI_AutoPollingMemReady)
    i.QSPI_Config                            0x08002a1c   Section        0  stm32f7xx_hal_qspi.o(i.QSPI_Config)
    QSPI_Config                              0x08002a1d   Thumb Code   590  stm32f7xx_hal_qspi.o(i.QSPI_Config)
    i.QSPI_EraseSector_32K                   0x08002c6c   Section        0  bsp_mt25q.o(i.QSPI_EraseSector_32K)
    i.QSPI_Quad_Enter                        0x08002cd0   Section        0  bsp_mt25q.o(i.QSPI_Quad_Enter)
    i.QSPI_Read_ID                           0x08002e08   Section        0  bsp_mt25q.o(i.QSPI_Read_ID)
    i.QSPI_Read_SR                           0x08002eb8   Section        0  bsp_mt25q.o(i.QSPI_Read_SR)
    i.QSPI_SendCmdData                       0x08002f1c   Section        0  bsp_mt25q.o(i.QSPI_SendCmdData)
    QSPI_SendCmdData                         0x08002f1d   Thumb Code   114  bsp_mt25q.o(i.QSPI_SendCmdData)
    i.QSPI_UserInit                          0x08002f94   Section        0  bsp_mt25q.o(i.QSPI_UserInit)
    i.QSPI_WaitFlagStateUntilTimeout         0x08003288   Section        0  stm32f7xx_hal_qspi.o(i.QSPI_WaitFlagStateUntilTimeout)
    QSPI_WaitFlagStateUntilTimeout           0x08003289   Thumb Code    88  stm32f7xx_hal_qspi.o(i.QSPI_WaitFlagStateUntilTimeout)
    i.QSPI_WriteBuff                         0x080032e0   Section        0  bsp_mt25q.o(i.QSPI_WriteBuff)
    i.QSPI_WriteEnable                       0x08003400   Section        0  bsp_mt25q.o(i.QSPI_WriteEnable)
    QSPI_WriteEnable                         0x08003401   Thumb Code    66  bsp_mt25q.o(i.QSPI_WriteEnable)
    i.SDRAM_Initialization_Sequence          0x08003448   Section        0  sdram_handle.o(i.SDRAM_Initialization_Sequence)
    i.SPI1_IRQHandler                        0x08003508   Section        0  stm32f7xx_it.o(i.SPI1_IRQHandler)
    i.SPI2_IRQHandler                        0x08003514   Section        0  stm32f7xx_it.o(i.SPI2_IRQHandler)
    i.SPI_DMAAbortOnError                    0x08003520   Section        0  stm32f7xx_hal_spi.o(i.SPI_DMAAbortOnError)
    SPI_DMAAbortOnError                      0x08003521   Thumb Code    18  stm32f7xx_hal_spi.o(i.SPI_DMAAbortOnError)
    i.SVC_Handler                            0x08003532   Section        0  stm32f7xx_it.o(i.SVC_Handler)
    i.SysTick_Handler                        0x08003534   Section        0  stm32f7xx_it.o(i.SysTick_Handler)
    i.SystemClock_Config                     0x08003544   Section        0  main.o(i.SystemClock_Config)
    i.SystemInit                             0x08003604   Section        0  system_stm32f7xx.o(i.SystemInit)
    i.TIM8_TRG_COM_TIM14_IRQHandler          0x08003664   Section        0  stm32f7xx_it.o(i.TIM8_TRG_COM_TIM14_IRQHandler)
    i.TIM_Base_SetConfig                     0x08003670   Section        0  stm32f7xx_hal_tim.o(i.TIM_Base_SetConfig)
    i.UART4_IRQHandler                       0x08003738   Section        0  stm32f7xx_it.o(i.UART4_IRQHandler)
    i.UART_AdvFeatureConfig                  0x08003744   Section        0  stm32f7xx_hal_uart.o(i.UART_AdvFeatureConfig)
    i.UART_CheckIdleState                    0x0800381e   Section        0  stm32f7xx_hal_uart.o(i.UART_CheckIdleState)
    i.UART_DMAAbortOnError                   0x08003862   Section        0  stm32f7xx_hal_uart.o(i.UART_DMAAbortOnError)
    UART_DMAAbortOnError                     0x08003863   Thumb Code    20  stm32f7xx_hal_uart.o(i.UART_DMAAbortOnError)
    i.UART_SetConfig                         0x08003878   Section        0  stm32f7xx_hal_uart.o(i.UART_SetConfig)
    i.UART_WaitOnFlagUntilTimeout            0x08003b18   Section        0  stm32f7xx_hal_uart.o(i.UART_WaitOnFlagUntilTimeout)
    i.UsageFault_Handler                     0x08003b8e   Section        0  stm32f7xx_it.o(i.UsageFault_Handler)
    i._Error_Handler                         0x08003b90   Section        0  main.o(i._Error_Handler)
    i.__0printf$5                            0x08003b94   Section        0  printf5.o(i.__0printf$5)
    i.__ARM_common_memcpy4_5                 0x08003bb4   Section        0  cmd_handle.o(i.__ARM_common_memcpy4_5)
    i.__delay                                0x08003bbe   Section        0  gpio_handle.o(i.__delay)
    __delay                                  0x08003bbf   Thumb Code    26  gpio_handle.o(i.__delay)
    i.__scatterload_copy                     0x08003bd8   Section       14  handlers.o(i.__scatterload_copy)
    i.__scatterload_null                     0x08003be6   Section        2  handlers.o(i.__scatterload_null)
    i.__scatterload_zeroinit                 0x08003be8   Section       14  handlers.o(i.__scatterload_zeroinit)
    i.__to_spi_idle                          0x08003bf8   Section        0  spi_handle.o(i.__to_spi_idle)
    i._printf_core                           0x08003c38   Section        0  printf5.o(i._printf_core)
    _printf_core                             0x08003c39   Thumb Code   658  printf5.o(i._printf_core)
    i.analyze_msg                            0x08003ef8   Section        0  cmd_handle.o(i.analyze_msg)
    i.flash_clean                            0x080040e8   Section        0  flash_handle.o(i.flash_clean)
    i.flash_write                            0x08004160   Section        0  flash_handle.o(i.flash_write)
    i.fputc                                  0x0800425c   Section        0  uart.o(i.fputc)
    i.fsmc_sdram_test                        0x08004280   Section        0  sdram_handle.o(i.fsmc_sdram_test)
    i.get_flash_address                      0x080042f0   Section        0  flash_handle.o(i.get_flash_address)
    i.gpio_convert_all                       0x0800432c   Section        0  gpio_handle.o(i.gpio_convert_all)
    i.gpio_convert_one                       0x08004354   Section        0  gpio_handle.o(i.gpio_convert_one)
    i.main                                   0x08004418   Section        0  main.o(i.main)
    i.reset_ctrl_all                         0x08004550   Section        0  gpio_handle.o(i.reset_ctrl_all)
    i.reset_ctrl_port6                       0x0800461c   Section        0  gpio_handle.o(i.reset_ctrl_port6)
    i.spi_int_config                         0x08004670   Section        0  spi_handle.o(i.spi_int_config)
    i.spi_rx_isr                             0x080046c4   Section        0  spi_handle.o(i.spi_rx_isr)
    i.sync_ctrl_all                          0x080048bc   Section        0  gpio_handle.o(i.sync_ctrl_all)
    i.sync_ctrl_port6                        0x080049b0   Section        0  gpio_handle.o(i.sync_ctrl_port6)
    .constdata                               0x08004a04   Section       16  system_stm32f7xx.o(.constdata)
    .constdata                               0x08004a14   Section        8  system_stm32f7xx.o(.constdata)
    .constdata                               0x08004a1c   Section      224  flash_handle.o(.constdata)
    .data                                    0x20000000   Section        8  fmc.o(.data)
    FMC_Initialized                          0x20000000   Data           4  fmc.o(.data)
    FMC_DeInitialized                        0x20000004   Data           4  fmc.o(.data)
    .data                                    0x20000008   Section        4  stm32f7xx_hal.o(.data)
    .data                                    0x2000000c   Section        4  system_stm32f7xx.o(.data)
    .data                                    0x20000010   Section        1  uart.o(.data)
    g_usart_tmp                              0x20000010   Data           1  uart.o(.data)
    .data                                    0x20000014   Section       21  spi_handle.o(.data)
    .data                                    0x2000002c   Section        8  cmd_handle.o(.data)
    .data                                    0x20000034   Section        5  cmd_handle.o(.data)
    .data                                    0x20000039   Section        1  bsp_mt25q.o(.data)
    QSPI_WorkMode                            0x20000039   Data           1  bsp_mt25q.o(.data)
    .data                                    0x2000003c   Section        4  stdout.o(.data)
    .bss                                     0x20000040   Section      112  usart.o(.bss)
    .bss                                     0x200000b0   Section       76  quadspi.o(.bss)
    .bss                                     0x200000fc   Section       52  fmc.o(.bss)
    .bss                                     0x20000130   Section       64  tim.o(.bss)
    .bss                                     0x20000170   Section      200  spi.o(.bss)
    .bss                                     0x20000238   Section      256  spi_handle.o(.bss)
    .bss                                     0x20000338   Section       12  spi_handle.o(.bss)
    .bss                                     0x20000344   Section     2400  cmd_handle.o(.bss)
    .bss                                     0x20000ca4   Section       80  gpio_handle.o(.bss)
    .bss                                     0x20000cf4   Section     4124  bsp_mt25q.o(.bss)
    g_tQSpiBuf                               0x20000d10   Data        4096  bsp_mt25q.o(.bss)
    STACK                                    0x20001d10   Section     2048  startup_stm32f765xx.o(STACK)

    Global Symbols

    Symbol Name                              Value     Ov Type        Size  Object(Section)

    BuildAttributes$$THM_ISAv4$E$P$D$K$B$S$7EM$VFPv5_D16$PE$PLD8$A:L22UL41UL21$X:L11$S22US41US21$IEEE1$IW$USESV6$~STKCKD$USESV7$~SHL$OTIME$ROPI$EBA8$MICROLIB$REQ8$PRES8$EABIv2 0x00000000   Number         0  anon$$obj.o ABSOLUTE
    __ARM_use_no_argv                        0x00000000   Number         0  main.o ABSOLUTE
    _printf_a                                0x00000000   Number         0  stubs.o ABSOLUTE
    _printf_c                                0x00000000   Number         0  stubs.o ABSOLUTE
    _printf_charcount                        0x00000000   Number         0  stubs.o ABSOLUTE
    _printf_d                                0x00000000   Number         0  stubs.o ABSOLUTE
    _printf_e                                0x00000000   Number         0  stubs.o ABSOLUTE
    _printf_f                                0x00000000   Number         0  stubs.o ABSOLUTE
    _printf_flags                            0x00000000   Number         0  stubs.o ABSOLUTE
    _printf_fp_dec                           0x00000000   Number         0  stubs.o ABSOLUTE
    _printf_fp_hex                           0x00000000   Number         0  stubs.o ABSOLUTE
    _printf_g                                0x00000000   Number         0  stubs.o ABSOLUTE
    _printf_i                                0x00000000   Number         0  stubs.o ABSOLUTE
    _printf_int_dec                          0x00000000   Number         0  stubs.o ABSOLUTE
    _printf_l                                0x00000000   Number         0  stubs.o ABSOLUTE
    _printf_lc                               0x00000000   Number         0  stubs.o ABSOLUTE
    _printf_ll                               0x00000000   Number         0  stubs.o ABSOLUTE
    _printf_lld                              0x00000000   Number         0  stubs.o ABSOLUTE
    _printf_lli                              0x00000000   Number         0  stubs.o ABSOLUTE
    _printf_llo                              0x00000000   Number         0  stubs.o ABSOLUTE
    _printf_llu                              0x00000000   Number         0  stubs.o ABSOLUTE
    _printf_llx                              0x00000000   Number         0  stubs.o ABSOLUTE
    _printf_longlong_dec                     0x00000000   Number         0  stubs.o ABSOLUTE
    _printf_longlong_hex                     0x00000000   Number         0  stubs.o ABSOLUTE
    _printf_longlong_oct                     0x00000000   Number         0  stubs.o ABSOLUTE
    _printf_ls                               0x00000000   Number         0  stubs.o ABSOLUTE
    _printf_mbtowc                           0x00000000   Number         0  stubs.o ABSOLUTE
    _printf_n                                0x00000000   Number         0  stubs.o ABSOLUTE
    _printf_o                                0x00000000   Number         0  stubs.o ABSOLUTE
    _printf_p                                0x00000000   Number         0  stubs.o ABSOLUTE
    _printf_percent                          0x00000000   Number         0  stubs.o ABSOLUTE
    _printf_pre_padding                      0x00000000   Number         0  stubs.o ABSOLUTE
    _printf_return_value                     0x00000000   Number         0  stubs.o ABSOLUTE
    _printf_s                                0x00000000   Number         0  stubs.o ABSOLUTE
    _printf_sizespec                         0x00000000   Number         0  stubs.o ABSOLUTE
    _printf_str                              0x00000000   Number         0  stubs.o ABSOLUTE
    _printf_truncate_signed                  0x00000000   Number         0  stubs.o ABSOLUTE
    _printf_truncate_unsigned                0x00000000   Number         0  stubs.o ABSOLUTE
    _printf_u                                0x00000000   Number         0  stubs.o ABSOLUTE
    _printf_wc                               0x00000000   Number         0  stubs.o ABSOLUTE
    _printf_wctomb                           0x00000000   Number         0  stubs.o ABSOLUTE
    _printf_widthprec                        0x00000000   Number         0  stubs.o ABSOLUTE
    _printf_x                                0x00000000   Number         0  stubs.o ABSOLUTE
    __cpp_initialize__aeabi_                  - Undefined Weak Reference
    __cxa_finalize                            - Undefined Weak Reference
    __decompress                              - Undefined Weak Reference
    _clock_init                               - Undefined Weak Reference
    _microlib_exit                            - Undefined Weak Reference
    __Vectors_Size                           0x000001f8   Number         0  startup_stm32f765xx.o ABSOLUTE
    __Vectors                                0x08000000   Data           4  startup_stm32f765xx.o(RESET)
    __Vectors_End                            0x080001f8   Data           0  startup_stm32f765xx.o(RESET)
    __main                                   0x080001f9   Thumb Code     0  entry.o(.ARM.Collect$$$$00000000)
    _main_stk                                0x080001f9   Thumb Code     0  entry2.o(.ARM.Collect$$$$00000001)
    _main_scatterload                        0x080001fd   Thumb Code     0  entry5.o(.ARM.Collect$$$$00000004)
    __main_after_scatterload                 0x08000201   Thumb Code     0  entry5.o(.ARM.Collect$$$$00000004)
    _main_clock                              0x08000201   Thumb Code     0  entry7b.o(.ARM.Collect$$$$00000008)
    _main_cpp_init                           0x08000201   Thumb Code     0  entry8b.o(.ARM.Collect$$$$0000000A)
    _main_init                               0x08000201   Thumb Code     0  entry9a.o(.ARM.Collect$$$$0000000B)
    __rt_final_cpp                           0x08000209   Thumb Code     0  entry10a.o(.ARM.Collect$$$$0000000D)
    __rt_final_exit                          0x08000209   Thumb Code     0  entry11a.o(.ARM.Collect$$$$0000000F)
    Reset_Handler                            0x0800020d   Thumb Code     8  startup_stm32f765xx.o(.text)
    ADC_IRQHandler                           0x08000227   Thumb Code     0  startup_stm32f765xx.o(.text)
    CAN1_RX0_IRQHandler                      0x08000227   Thumb Code     0  startup_stm32f765xx.o(.text)
    CAN1_RX1_IRQHandler                      0x08000227   Thumb Code     0  startup_stm32f765xx.o(.text)
    CAN1_SCE_IRQHandler                      0x08000227   Thumb Code     0  startup_stm32f765xx.o(.text)
    CAN1_TX_IRQHandler                       0x08000227   Thumb Code     0  startup_stm32f765xx.o(.text)
    CAN2_RX0_IRQHandler                      0x08000227   Thumb Code     0  startup_stm32f765xx.o(.text)
    CAN2_RX1_IRQHandler                      0x08000227   Thumb Code     0  startup_stm32f765xx.o(.text)
    CAN2_SCE_IRQHandler                      0x08000227   Thumb Code     0  startup_stm32f765xx.o(.text)
    CAN2_TX_IRQHandler                       0x08000227   Thumb Code     0  startup_stm32f765xx.o(.text)
    CAN3_RX0_IRQHandler                      0x08000227   Thumb Code     0  startup_stm32f765xx.o(.text)
    CAN3_RX1_IRQHandler                      0x08000227   Thumb Code     0  startup_stm32f765xx.o(.text)
    CAN3_SCE_IRQHandler                      0x08000227   Thumb Code     0  startup_stm32f765xx.o(.text)
    CAN3_TX_IRQHandler                       0x08000227   Thumb Code     0  startup_stm32f765xx.o(.text)
    CEC_IRQHandler                           0x08000227   Thumb Code     0  startup_stm32f765xx.o(.text)
    DCMI_IRQHandler                          0x08000227   Thumb Code     0  startup_stm32f765xx.o(.text)
    DFSDM1_FLT0_IRQHandler                   0x08000227   Thumb Code     0  startup_stm32f765xx.o(.text)
    DFSDM1_FLT1_IRQHandler                   0x08000227   Thumb Code     0  startup_stm32f765xx.o(.text)
    DFSDM1_FLT2_IRQHandler                   0x08000227   Thumb Code     0  startup_stm32f765xx.o(.text)
    DFSDM1_FLT3_IRQHandler                   0x08000227   Thumb Code     0  startup_stm32f765xx.o(.text)
    DMA1_Stream0_IRQHandler                  0x08000227   Thumb Code     0  startup_stm32f765xx.o(.text)
    DMA1_Stream1_IRQHandler                  0x08000227   Thumb Code     0  startup_stm32f765xx.o(.text)
    DMA1_Stream2_IRQHandler                  0x08000227   Thumb Code     0  startup_stm32f765xx.o(.text)
    DMA1_Stream3_IRQHandler                  0x08000227   Thumb Code     0  startup_stm32f765xx.o(.text)
    DMA1_Stream4_IRQHandler                  0x08000227   Thumb Code     0  startup_stm32f765xx.o(.text)
    DMA1_Stream5_IRQHandler                  0x08000227   Thumb Code     0  startup_stm32f765xx.o(.text)
    DMA1_Stream6_IRQHandler                  0x08000227   Thumb Code     0  startup_stm32f765xx.o(.text)
    DMA1_Stream7_IRQHandler                  0x08000227   Thumb Code     0  startup_stm32f765xx.o(.text)
    DMA2D_IRQHandler                         0x08000227   Thumb Code     0  startup_stm32f765xx.o(.text)
    DMA2_Stream0_IRQHandler                  0x08000227   Thumb Code     0  startup_stm32f765xx.o(.text)
    DMA2_Stream1_IRQHandler                  0x08000227   Thumb Code     0  startup_stm32f765xx.o(.text)
    DMA2_Stream2_IRQHandler                  0x08000227   Thumb Code     0  startup_stm32f765xx.o(.text)
    DMA2_Stream3_IRQHandler                  0x08000227   Thumb Code     0  startup_stm32f765xx.o(.text)
    DMA2_Stream4_IRQHandler                  0x08000227   Thumb Code     0  startup_stm32f765xx.o(.text)
    DMA2_Stream5_IRQHandler                  0x08000227   Thumb Code     0  startup_stm32f765xx.o(.text)
    DMA2_Stream6_IRQHandler                  0x08000227   Thumb Code     0  startup_stm32f765xx.o(.text)
    DMA2_Stream7_IRQHandler                  0x08000227   Thumb Code     0  startup_stm32f765xx.o(.text)
    ETH_IRQHandler                           0x08000227   Thumb Code     0  startup_stm32f765xx.o(.text)
    ETH_WKUP_IRQHandler                      0x08000227   Thumb Code     0  startup_stm32f765xx.o(.text)
    EXTI0_IRQHandler                         0x08000227   Thumb Code     0  startup_stm32f765xx.o(.text)
    EXTI15_10_IRQHandler                     0x08000227   Thumb Code     0  startup_stm32f765xx.o(.text)
    EXTI1_IRQHandler                         0x08000227   Thumb Code     0  startup_stm32f765xx.o(.text)
    EXTI2_IRQHandler                         0x08000227   Thumb Code     0  startup_stm32f765xx.o(.text)
    EXTI3_IRQHandler                         0x08000227   Thumb Code     0  startup_stm32f765xx.o(.text)
    EXTI4_IRQHandler                         0x08000227   Thumb Code     0  startup_stm32f765xx.o(.text)
    EXTI9_5_IRQHandler                       0x08000227   Thumb Code     0  startup_stm32f765xx.o(.text)
    FLASH_IRQHandler                         0x08000227   Thumb Code     0  startup_stm32f765xx.o(.text)
    FMC_IRQHandler                           0x08000227   Thumb Code     0  startup_stm32f765xx.o(.text)
    FPU_IRQHandler                           0x08000227   Thumb Code     0  startup_stm32f765xx.o(.text)
    I2C1_ER_IRQHandler                       0x08000227   Thumb Code     0  startup_stm32f765xx.o(.text)
    I2C1_EV_IRQHandler                       0x08000227   Thumb Code     0  startup_stm32f765xx.o(.text)
    I2C2_ER_IRQHandler                       0x08000227   Thumb Code     0  startup_stm32f765xx.o(.text)
    I2C2_EV_IRQHandler                       0x08000227   Thumb Code     0  startup_stm32f765xx.o(.text)
    I2C3_ER_IRQHandler                       0x08000227   Thumb Code     0  startup_stm32f765xx.o(.text)
    I2C3_EV_IRQHandler                       0x08000227   Thumb Code     0  startup_stm32f765xx.o(.text)
    I2C4_ER_IRQHandler                       0x08000227   Thumb Code     0  startup_stm32f765xx.o(.text)
    I2C4_EV_IRQHandler                       0x08000227   Thumb Code     0  startup_stm32f765xx.o(.text)
    LPTIM1_IRQHandler                        0x08000227   Thumb Code     0  startup_stm32f765xx.o(.text)
    MDIOS_IRQHandler                         0x08000227   Thumb Code     0  startup_stm32f765xx.o(.text)
    OTG_FS_IRQHandler                        0x08000227   Thumb Code     0  startup_stm32f765xx.o(.text)
    OTG_FS_WKUP_IRQHandler                   0x08000227   Thumb Code     0  startup_stm32f765xx.o(.text)
    OTG_HS_EP1_IN_IRQHandler                 0x08000227   Thumb Code     0  startup_stm32f765xx.o(.text)
    OTG_HS_EP1_OUT_IRQHandler                0x08000227   Thumb Code     0  startup_stm32f765xx.o(.text)
    OTG_HS_IRQHandler                        0x08000227   Thumb Code     0  startup_stm32f765xx.o(.text)
    OTG_HS_WKUP_IRQHandler                   0x08000227   Thumb Code     0  startup_stm32f765xx.o(.text)
    PVD_IRQHandler                           0x08000227   Thumb Code     0  startup_stm32f765xx.o(.text)
    QUADSPI_IRQHandler                       0x08000227   Thumb Code     0  startup_stm32f765xx.o(.text)
    RCC_IRQHandler                           0x08000227   Thumb Code     0  startup_stm32f765xx.o(.text)
    RNG_IRQHandler                           0x08000227   Thumb Code     0  startup_stm32f765xx.o(.text)
    RTC_Alarm_IRQHandler                     0x08000227   Thumb Code     0  startup_stm32f765xx.o(.text)
    RTC_WKUP_IRQHandler                      0x08000227   Thumb Code     0  startup_stm32f765xx.o(.text)
    SAI1_IRQHandler                          0x08000227   Thumb Code     0  startup_stm32f765xx.o(.text)
    SAI2_IRQHandler                          0x08000227   Thumb Code     0  startup_stm32f765xx.o(.text)
    SDMMC1_IRQHandler                        0x08000227   Thumb Code     0  startup_stm32f765xx.o(.text)
    SDMMC2_IRQHandler                        0x08000227   Thumb Code     0  startup_stm32f765xx.o(.text)
    SPDIF_RX_IRQHandler                      0x08000227   Thumb Code     0  startup_stm32f765xx.o(.text)
    SPI3_IRQHandler                          0x08000227   Thumb Code     0  startup_stm32f765xx.o(.text)
    SPI4_IRQHandler                          0x08000227   Thumb Code     0  startup_stm32f765xx.o(.text)
    SPI5_IRQHandler                          0x08000227   Thumb Code     0  startup_stm32f765xx.o(.text)
    SPI6_IRQHandler                          0x08000227   Thumb Code     0  startup_stm32f765xx.o(.text)
    TAMP_STAMP_IRQHandler                    0x08000227   Thumb Code     0  startup_stm32f765xx.o(.text)
    TIM1_BRK_TIM9_IRQHandler                 0x08000227   Thumb Code     0  startup_stm32f765xx.o(.text)
    TIM1_CC_IRQHandler                       0x08000227   Thumb Code     0  startup_stm32f765xx.o(.text)
    TIM1_TRG_COM_TIM11_IRQHandler            0x08000227   Thumb Code     0  startup_stm32f765xx.o(.text)
    TIM1_UP_TIM10_IRQHandler                 0x08000227   Thumb Code     0  startup_stm32f765xx.o(.text)
    TIM2_IRQHandler                          0x08000227   Thumb Code     0  startup_stm32f765xx.o(.text)
    TIM3_IRQHandler                          0x08000227   Thumb Code     0  startup_stm32f765xx.o(.text)
    TIM4_IRQHandler                          0x08000227   Thumb Code     0  startup_stm32f765xx.o(.text)
    TIM5_IRQHandler                          0x08000227   Thumb Code     0  startup_stm32f765xx.o(.text)
    TIM6_DAC_IRQHandler                      0x08000227   Thumb Code     0  startup_stm32f765xx.o(.text)
    TIM7_IRQHandler                          0x08000227   Thumb Code     0  startup_stm32f765xx.o(.text)
    TIM8_BRK_TIM12_IRQHandler                0x08000227   Thumb Code     0  startup_stm32f765xx.o(.text)
    TIM8_CC_IRQHandler                       0x08000227   Thumb Code     0  startup_stm32f765xx.o(.text)
    TIM8_UP_TIM13_IRQHandler                 0x08000227   Thumb Code     0  startup_stm32f765xx.o(.text)
    UART5_IRQHandler                         0x08000227   Thumb Code     0  startup_stm32f765xx.o(.text)
    UART7_IRQHandler                         0x08000227   Thumb Code     0  startup_stm32f765xx.o(.text)
    UART8_IRQHandler                         0x08000227   Thumb Code     0  startup_stm32f765xx.o(.text)
    USART1_IRQHandler                        0x08000227   Thumb Code     0  startup_stm32f765xx.o(.text)
    USART2_IRQHandler                        0x08000227   Thumb Code     0  startup_stm32f765xx.o(.text)
    USART3_IRQHandler                        0x08000227   Thumb Code     0  startup_stm32f765xx.o(.text)
    USART6_IRQHandler                        0x08000227   Thumb Code     0  startup_stm32f765xx.o(.text)
    WWDG_IRQHandler                          0x08000227   Thumb Code     0  startup_stm32f765xx.o(.text)
    __aeabi_memcpy                           0x08000231   Thumb Code    36  memcpya.o(.text)
    __aeabi_memcpy4                          0x08000231   Thumb Code     0  memcpya.o(.text)
    __aeabi_memcpy8                          0x08000231   Thumb Code     0  memcpya.o(.text)
    __aeabi_uldivmod                         0x08000255   Thumb Code    98  uldiv.o(.text)
    __scatterload                            0x080002b9   Thumb Code    28  init.o(.text)
    __scatterload_rt2                        0x080002b9   Thumb Code     0  init.o(.text)
    __aeabi_llsl                             0x080002dd   Thumb Code    30  llshl.o(.text)
    _ll_shift_l                              0x080002dd   Thumb Code     0  llshl.o(.text)
    __aeabi_llsr                             0x080002fb   Thumb Code    32  llushr.o(.text)
    _ll_ushift_r                             0x080002fb   Thumb Code     0  llushr.o(.text)
    BusFault_Handler                         0x0800031b   Thumb Code     2  stm32f7xx_it.o(i.BusFault_Handler)
    DebugMon_Handler                         0x0800031d   Thumb Code     2  stm32f7xx_it.o(i.DebugMon_Handler)
    FMC_SDRAM_Init                           0x0800031f   Thumb Code   100  stm32f7xx_ll_fmc.o(i.FMC_SDRAM_Init)
    FMC_SDRAM_ProgramRefreshRate             0x08000383   Thumb Code    12  stm32f7xx_ll_fmc.o(i.FMC_SDRAM_ProgramRefreshRate)
    FMC_SDRAM_SendCommand                    0x0800038f   Thumb Code    82  stm32f7xx_ll_fmc.o(i.FMC_SDRAM_SendCommand)
    FMC_SDRAM_Timing_Init                    0x080003e1   Thumb Code   144  stm32f7xx_ll_fmc.o(i.FMC_SDRAM_Timing_Init)
    HAL_DMA_Abort_IT                         0x08000471   Thumb Code    36  stm32f7xx_hal_dma.o(i.HAL_DMA_Abort_IT)
    HAL_Delay                                0x08000495   Thumb Code    22  stm32f7xx_hal.o(i.HAL_Delay)
    HAL_GPIO_Init                            0x080004ad   Thumb Code   572  stm32f7xx_hal_gpio.o(i.HAL_GPIO_Init)
    HAL_GPIO_WritePin                        0x080006fd   Thumb Code    10  stm32f7xx_hal_gpio.o(i.HAL_GPIO_WritePin)
    HAL_GetTick                              0x08000709   Thumb Code     6  stm32f7xx_hal.o(i.HAL_GetTick)
    HAL_HalfDuplex_Init                      0x08000715   Thumb Code   120  stm32f7xx_hal_uart.o(i.HAL_HalfDuplex_Init)
    HAL_I2CEx_EnableFastModePlus             0x0800078d   Thumb Code    32  stm32f7xx_hal_i2c_ex.o(i.HAL_I2CEx_EnableFastModePlus)
    HAL_IncTick                              0x080007b5   Thumb Code    10  stm32f7xx_hal.o(i.HAL_IncTick)
    HAL_Init                                 0x080007c5   Thumb Code    32  stm32f7xx_hal.o(i.HAL_Init)
    HAL_InitTick                             0x080007e9   Thumb Code    34  stm32f7xx_hal.o(i.HAL_InitTick)
    HAL_MspInit                              0x08000811   Thumb Code    88  stm32f7xx_hal_msp.o(i.HAL_MspInit)
    HAL_NVIC_EnableIRQ                       0x08000869   Thumb Code    24  stm32f7xx_hal_cortex.o(i.HAL_NVIC_EnableIRQ)
    HAL_NVIC_SetPriority                     0x08000881   Thumb Code    92  stm32f7xx_hal_cortex.o(i.HAL_NVIC_SetPriority)
    HAL_NVIC_SetPriorityGrouping             0x080008e1   Thumb Code    30  stm32f7xx_hal_cortex.o(i.HAL_NVIC_SetPriorityGrouping)
    HAL_PWREx_EnableOverDrive                0x08000905   Thumb Code   116  stm32f7xx_hal_pwr_ex.o(i.HAL_PWREx_EnableOverDrive)
    HAL_QSPI_Command                         0x08000981   Thumb Code   146  stm32f7xx_hal_qspi.o(i.HAL_QSPI_Command)
    HAL_QSPI_Init                            0x08000a15   Thumb Code   200  stm32f7xx_hal_qspi.o(i.HAL_QSPI_Init)
    HAL_QSPI_MspInit                         0x08000ae1   Thumb Code   108  quadspi.o(i.HAL_QSPI_MspInit)
    HAL_QSPI_Receive                         0x08000b5d   Thumb Code   198  stm32f7xx_hal_qspi.o(i.HAL_QSPI_Receive)
    HAL_QSPI_Transmit                        0x08000c25   Thumb Code   190  stm32f7xx_hal_qspi.o(i.HAL_QSPI_Transmit)
    HAL_RCCEx_PeriphCLKConfig                0x08000ce5   Thumb Code  1814  stm32f7xx_hal_rcc_ex.o(i.HAL_RCCEx_PeriphCLKConfig)
    HAL_RCC_CSSCallback                      0x08001409   Thumb Code     2  stm32f7xx_hal_rcc.o(i.HAL_RCC_CSSCallback)
    HAL_RCC_ClockConfig                      0x0800140d   Thumb Code   492  stm32f7xx_hal_rcc.o(i.HAL_RCC_ClockConfig)
    HAL_RCC_EnableCSS                        0x08001615   Thumb Code    12  stm32f7xx_hal_rcc.o(i.HAL_RCC_EnableCSS)
    HAL_RCC_GetHCLKFreq                      0x08001625   Thumb Code     6  stm32f7xx_hal_rcc.o(i.HAL_RCC_GetHCLKFreq)
    HAL_RCC_GetPCLK1Freq                     0x08001631   Thumb Code    34  stm32f7xx_hal_rcc.o(i.HAL_RCC_GetPCLK1Freq)
    HAL_RCC_GetPCLK2Freq                     0x08001661   Thumb Code    34  stm32f7xx_hal_rcc.o(i.HAL_RCC_GetPCLK2Freq)
    HAL_RCC_GetSysClockFreq                  0x08001691   Thumb Code   136  stm32f7xx_hal_rcc.o(i.HAL_RCC_GetSysClockFreq)
    HAL_RCC_NMI_IRQHandler                   0x08001729   Thumb Code    26  stm32f7xx_hal_rcc.o(i.HAL_RCC_NMI_IRQHandler)
    HAL_RCC_OscConfig                        0x0800174d   Thumb Code  1036  stm32f7xx_hal_rcc.o(i.HAL_RCC_OscConfig)
    HAL_SDRAM_Init                           0x08001b59   Thumb Code    66  stm32f7xx_hal_sdram.o(i.HAL_SDRAM_Init)
    HAL_SDRAM_MspInit                        0x08001b9d   Thumb Code   140  fmc.o(i.HAL_SDRAM_MspInit)
    HAL_SDRAM_ProgramRefreshRate             0x08001c45   Thumb Code    36  stm32f7xx_hal_sdram.o(i.HAL_SDRAM_ProgramRefreshRate)
    HAL_SDRAM_SendCommand                    0x08001c69   Thumb Code    46  stm32f7xx_hal_sdram.o(i.HAL_SDRAM_SendCommand)
    HAL_SPI_ErrorCallback                    0x08001c97   Thumb Code     2  stm32f7xx_hal_spi.o(i.HAL_SPI_ErrorCallback)
    HAL_SPI_IRQHandler                       0x08001c99   Thumb Code   242  stm32f7xx_hal_spi.o(i.HAL_SPI_IRQHandler)
    HAL_SPI_Init                             0x08001d91   Thumb Code   210  stm32f7xx_hal_spi.o(i.HAL_SPI_Init)
    HAL_SPI_MspInit                          0x08001e65   Thumb Code   162  spi.o(i.HAL_SPI_MspInit)
    HAL_SYSTICK_CLKSourceConfig              0x08001f21   Thumb Code    22  stm32f7xx_hal_cortex.o(i.HAL_SYSTICK_CLKSourceConfig)
    HAL_SYSTICK_Callback                     0x08001f37   Thumb Code     2  stm32f7xx_hal_cortex.o(i.HAL_SYSTICK_Callback)
    HAL_SYSTICK_Config                       0x08001f39   Thumb Code    36  stm32f7xx_hal_cortex.o(i.HAL_SYSTICK_Config)
    HAL_SYSTICK_IRQHandler                   0x08001f61   Thumb Code     8  stm32f7xx_hal_cortex.o(i.HAL_SYSTICK_IRQHandler)
    HAL_TIMEx_BreakCallback                  0x08001f69   Thumb Code     2  stm32f7xx_hal_tim_ex.o(i.HAL_TIMEx_BreakCallback)
    HAL_TIMEx_CommutationCallback            0x08001f6b   Thumb Code     2  stm32f7xx_hal_tim_ex.o(i.HAL_TIMEx_CommutationCallback)
    HAL_TIM_Base_Init                        0x08001f6d   Thumb Code    54  stm32f7xx_hal_tim.o(i.HAL_TIM_Base_Init)
    HAL_TIM_Base_MspInit                     0x08001fa5   Thumb Code    40  tim.o(i.HAL_TIM_Base_MspInit)
    HAL_TIM_IC_CaptureCallback               0x08001fd1   Thumb Code     2  stm32f7xx_hal_tim.o(i.HAL_TIM_IC_CaptureCallback)
    HAL_TIM_IRQHandler                       0x08001fd3   Thumb Code   388  stm32f7xx_hal_tim.o(i.HAL_TIM_IRQHandler)
    HAL_TIM_OC_DelayElapsedCallback          0x08002157   Thumb Code     2  stm32f7xx_hal_tim.o(i.HAL_TIM_OC_DelayElapsedCallback)
    HAL_TIM_PWM_PulseFinishedCallback        0x08002159   Thumb Code     2  stm32f7xx_hal_tim.o(i.HAL_TIM_PWM_PulseFinishedCallback)
    HAL_TIM_PeriodElapsedCallback            0x0800215b   Thumb Code     2  stm32f7xx_hal_tim.o(i.HAL_TIM_PeriodElapsedCallback)
    HAL_TIM_TriggerCallback                  0x0800215d   Thumb Code     2  stm32f7xx_hal_tim.o(i.HAL_TIM_TriggerCallback)
    HAL_UART_ErrorCallback                   0x0800215f   Thumb Code     2  stm32f7xx_hal_uart.o(i.HAL_UART_ErrorCallback)
    HAL_UART_IRQHandler                      0x08002161   Thumb Code   652  stm32f7xx_hal_uart.o(i.HAL_UART_IRQHandler)
    HAL_UART_MspInit                         0x080023f1   Thumb Code    74  usart.o(i.HAL_UART_MspInit)
    HAL_UART_RxCpltCallback                  0x08002445   Thumb Code     2  stm32f7xx_hal_uart.o(i.HAL_UART_RxCpltCallback)
    HAL_UART_Transmit                        0x08002449   Thumb Code   268  stm32f7xx_hal_uart.o(i.HAL_UART_Transmit)
    HAL_UART_TxCpltCallback                  0x08002555   Thumb Code     2  stm32f7xx_hal_uart.o(i.HAL_UART_TxCpltCallback)
    HardFault_Handler                        0x08002557   Thumb Code     2  stm32f7xx_it.o(i.HardFault_Handler)
    MX_FMC_Init                              0x08002559   Thumb Code   106  fmc.o(i.MX_FMC_Init)
    MX_GPIO_Init                             0x080025dd   Thumb Code   484  gpio.o(i.MX_GPIO_Init)
    MX_QUADSPI_Init                          0x080027e1   Thumb Code    56  quadspi.o(i.MX_QUADSPI_Init)
    MX_SPI1_Init                             0x08002835   Thumb Code    66  spi.o(i.MX_SPI1_Init)
    MX_SPI2_Init                             0x08002891   Thumb Code    66  spi.o(i.MX_SPI2_Init)
    MX_TIM14_Init                            0x080028ed   Thumb Code    50  tim.o(i.MX_TIM14_Init)
    MX_UART4_Init                            0x08002939   Thumb Code    68  usart.o(i.MX_UART4_Init)
    MemManage_Handler                        0x08002995   Thumb Code     2  stm32f7xx_it.o(i.MemManage_Handler)
    NMI_Handler                              0x08002997   Thumb Code     4  stm32f7xx_it.o(i.NMI_Handler)
    PendSV_Handler                           0x0800299b   Thumb Code     2  stm32f7xx_it.o(i.PendSV_Handler)
    QSPI_EraseSector_32K                     0x08002c6d   Thumb Code    92  bsp_mt25q.o(i.QSPI_EraseSector_32K)
    QSPI_Quad_Enter                          0x08002cd1   Thumb Code   200  bsp_mt25q.o(i.QSPI_Quad_Enter)
    QSPI_Read_ID                             0x08002e09   Thumb Code   110  bsp_mt25q.o(i.QSPI_Read_ID)
    QSPI_Read_SR                             0x08002eb9   Thumb Code    90  bsp_mt25q.o(i.QSPI_Read_SR)
    QSPI_UserInit                            0x08002f95   Thumb Code   370  bsp_mt25q.o(i.QSPI_UserInit)
    QSPI_WriteBuff                           0x080032e1   Thumb Code   278  bsp_mt25q.o(i.QSPI_WriteBuff)
    SDRAM_Initialization_Sequence            0x08003449   Thumb Code   168  sdram_handle.o(i.SDRAM_Initialization_Sequence)
    SPI1_IRQHandler                          0x08003509   Thumb Code     6  stm32f7xx_it.o(i.SPI1_IRQHandler)
    SPI2_IRQHandler                          0x08003515   Thumb Code     6  stm32f7xx_it.o(i.SPI2_IRQHandler)
    SVC_Handler                              0x08003533   Thumb Code     2  stm32f7xx_it.o(i.SVC_Handler)
    SysTick_Handler                          0x08003535   Thumb Code    14  stm32f7xx_it.o(i.SysTick_Handler)
    SystemClock_Config                       0x08003545   Thumb Code   182  main.o(i.SystemClock_Config)
    SystemInit                               0x08003605   Thumb Code    76  system_stm32f7xx.o(i.SystemInit)
    TIM8_TRG_COM_TIM14_IRQHandler            0x08003665   Thumb Code     6  stm32f7xx_it.o(i.TIM8_TRG_COM_TIM14_IRQHandler)
    TIM_Base_SetConfig                       0x08003671   Thumb Code   180  stm32f7xx_hal_tim.o(i.TIM_Base_SetConfig)
    UART4_IRQHandler                         0x08003739   Thumb Code     6  stm32f7xx_it.o(i.UART4_IRQHandler)
    UART_AdvFeatureConfig                    0x08003745   Thumb Code   218  stm32f7xx_hal_uart.o(i.UART_AdvFeatureConfig)
    UART_CheckIdleState                      0x0800381f   Thumb Code    68  stm32f7xx_hal_uart.o(i.UART_CheckIdleState)
    UART_SetConfig                           0x08003879   Thumb Code   654  stm32f7xx_hal_uart.o(i.UART_SetConfig)
    UART_WaitOnFlagUntilTimeout              0x08003b19   Thumb Code   118  stm32f7xx_hal_uart.o(i.UART_WaitOnFlagUntilTimeout)
    UsageFault_Handler                       0x08003b8f   Thumb Code     2  stm32f7xx_it.o(i.UsageFault_Handler)
    _Error_Handler                           0x08003b91   Thumb Code     2  main.o(i._Error_Handler)
    __0printf$5                              0x08003b95   Thumb Code    22  printf5.o(i.__0printf$5)
    __1printf$5                              0x08003b95   Thumb Code     0  printf5.o(i.__0printf$5)
    __2printf                                0x08003b95   Thumb Code     0  printf5.o(i.__0printf$5)
    __ARM_common_memcpy4_5                   0x08003bb5   Thumb Code    10  cmd_handle.o(i.__ARM_common_memcpy4_5)
    __scatterload_copy                       0x08003bd9   Thumb Code    14  handlers.o(i.__scatterload_copy)
    __scatterload_null                       0x08003be7   Thumb Code     2  handlers.o(i.__scatterload_null)
    __scatterload_zeroinit                   0x08003be9   Thumb Code    14  handlers.o(i.__scatterload_zeroinit)
    __to_spi_idle                            0x08003bf9   Thumb Code    38  spi_handle.o(i.__to_spi_idle)
    analyze_msg                              0x08003ef9   Thumb Code   378  cmd_handle.o(i.analyze_msg)
    flash_clean                              0x080040e9   Thumb Code    64  flash_handle.o(i.flash_clean)
    flash_write                              0x08004161   Thumb Code   134  flash_handle.o(i.flash_write)
    fputc                                    0x0800425d   Thumb Code    26  uart.o(i.fputc)
    fsmc_sdram_test                          0x08004281   Thumb Code    80  sdram_handle.o(i.fsmc_sdram_test)
    get_flash_address                        0x080042f1   Thumb Code    34  flash_handle.o(i.get_flash_address)
    gpio_convert_all                         0x0800432d   Thumb Code    34  gpio_handle.o(i.gpio_convert_all)
    gpio_convert_one                         0x08004355   Thumb Code   186  gpio_handle.o(i.gpio_convert_one)
    main                                     0x08004419   Thumb Code   252  main.o(i.main)
    reset_ctrl_all                           0x08004551   Thumb Code   146  gpio_handle.o(i.reset_ctrl_all)
    reset_ctrl_port6                         0x0800461d   Thumb Code    52  gpio_handle.o(i.reset_ctrl_port6)
    spi_int_config                           0x08004671   Thumb Code    58  spi_handle.o(i.spi_int_config)
    spi_rx_isr                               0x080046c5   Thumb Code   378  spi_handle.o(i.spi_rx_isr)
    sync_ctrl_all                            0x080048bd   Thumb Code   188  gpio_handle.o(i.sync_ctrl_all)
    sync_ctrl_port6                          0x080049b1   Thumb Code    52  gpio_handle.o(i.sync_ctrl_port6)
    AHBPrescTable                            0x08004a04   Data          16  system_stm32f7xx.o(.constdata)
    APBPrescTable                            0x08004a14   Data           8  system_stm32f7xx.o(.constdata)
    c_flash_store_tab                        0x08004a1c   Data         224  flash_handle.o(.constdata)
    Region$$Table$$Base                      0x08004afc   Number         0  anon$$obj.o(Region$$Table)
    Region$$Table$$Limit                     0x08004b1c   Number         0  anon$$obj.o(Region$$Table)
    uwTick                                   0x20000008   Data           4  stm32f7xx_hal.o(.data)
    SystemCoreClock                          0x2000000c   Data           4  system_stm32f7xx.o(.data)
    g_spi_state                              0x20000014   Data           1  spi_handle.o(.data)
    gp_rx_u8                                 0x20000018   Data           4  spi_handle.o(.data)
    gp_rx_u16                                0x2000001c   Data           4  spi_handle.o(.data)
    gp_msg                                   0x20000020   Data           4  spi_handle.o(.data)
    g_spi_rx_cmd                             0x20000024   Data           5  spi_handle.o(.data)
    g_rx_tab_a_sta                           0x2000002c   Data           1  cmd_handle.o(.data)
    g_rx_tab_p_sta                           0x2000002d   Data           1  cmd_handle.o(.data)
    gp_msg_tab                               0x20000030   Data           4  cmd_handle.o(.data)
    g_msg_tab                                0x20000034   Data           5  cmd_handle.o(.data)
    __stdout                                 0x2000003c   Data           4  stdout.o(.data)
    huart4                                   0x20000040   Data         112  usart.o(.bss)
    hqspi                                    0x200000b0   Data          76  quadspi.o(.bss)
    hsdram1                                  0x200000fc   Data          52  fmc.o(.bss)
    htim14                                   0x20000130   Data          64  tim.o(.bss)
    hspi1                                    0x20000170   Data         100  spi.o(.bss)
    hspi2                                    0x200001d4   Data         100  spi.o(.bss)
    g_spi_rx_buffer                          0x20000238   Data         256  spi_handle.o(.bss)
    g_msg                                    0x20000338   Data          12  spi_handle.o(.bss)
    g_rx_tab_a                               0x20000344   Data        1200  cmd_handle.o(.bss)
    g_rx_tab_p                               0x200007f4   Data        1200  cmd_handle.o(.bss)
    g_gpio_ctrl_table                        0x20000ca4   Data          16  gpio_handle.o(.bss)
    g_gpio_ctrl_table_raw                    0x20000cb4   Data          64  gpio_handle.o(.bss)
    _QspiFlashInf                            0x20000cf4   Data          28  bsp_mt25q.o(.bss)
    __initial_sp                             0x20002510   Data           0  startup_stm32f765xx.o(STACK)



==============================================================================

Memory Map of the image

  Image Entry point : 0x080001f9

  Load Region LR_IROM1 (Base: 0x08000000, Size: 0x00004b5c, Max: 0x00200000, ABSOLUTE)

    Execution Region ER_IROM1 (Base: 0x08000000, Size: 0x00004b1c, Max: 0x00200000, ABSOLUTE)

    Base Addr    Size         Type   Attr      Idx    E Section Name        Object

    0x08000000   0x000001f8   Data   RO         4035    RESET               startup_stm32f765xx.o
    0x080001f8   0x00000000   Code   RO         4641  * .ARM.Collect$$$$00000000  mc_w.l(entry.o)
    0x080001f8   0x00000004   Code   RO         4911    .ARM.Collect$$$$00000001  mc_w.l(entry2.o)
    0x080001fc   0x00000004   Code   RO         4914    .ARM.Collect$$$$00000004  mc_w.l(entry5.o)
    0x08000200   0x00000000   Code   RO         4916    .ARM.Collect$$$$00000008  mc_w.l(entry7b.o)
    0x08000200   0x00000000   Code   RO         4918    .ARM.Collect$$$$0000000A  mc_w.l(entry8b.o)
    0x08000200   0x00000008   Code   RO         4919    .ARM.Collect$$$$0000000B  mc_w.l(entry9a.o)
    0x08000208   0x00000000   Code   RO         4921    .ARM.Collect$$$$0000000D  mc_w.l(entry10a.o)
    0x08000208   0x00000000   Code   RO         4923    .ARM.Collect$$$$0000000F  mc_w.l(entry11a.o)
    0x08000208   0x00000004   Code   RO         4912    .ARM.Collect$$$$00002712  mc_w.l(entry2.o)
    0x0800020c   0x00000024   Code   RO         4036    .text               startup_stm32f765xx.o
    0x08000230   0x00000024   Code   RO         4644    .text               mc_w.l(memcpya.o)
    0x08000254   0x00000062   Code   RO         4928    .text               mc_w.l(uldiv.o)
    0x080002b6   0x00000002   PAD
    0x080002b8   0x00000024   Code   RO         4941    .text               mc_w.l(init.o)
    0x080002dc   0x0000001e   Code   RO         4943    .text               mc_w.l(llshl.o)
    0x080002fa   0x00000020   Code   RO         4945    .text               mc_w.l(llushr.o)
    0x0800031a   0x00000002   Code   RO          338    i.BusFault_Handler  stm32f7xx_it.o
    0x0800031c   0x00000002   Code   RO          339    i.DebugMon_Handler  stm32f7xx_it.o
    0x0800031e   0x00000064   Code   RO          726    i.FMC_SDRAM_Init    stm32f7xx_ll_fmc.o
    0x08000382   0x0000000c   Code   RO          727    i.FMC_SDRAM_ProgramRefreshRate  stm32f7xx_ll_fmc.o
    0x0800038e   0x00000052   Code   RO          728    i.FMC_SDRAM_SendCommand  stm32f7xx_ll_fmc.o
    0x080003e0   0x00000090   Code   RO          730    i.FMC_SDRAM_Timing_Init  stm32f7xx_ll_fmc.o
    0x08000470   0x00000024   Code   RO         2603    i.HAL_DMA_Abort_IT  stm32f7xx_hal_dma.o
    0x08000494   0x00000016   Code   RO         2793    i.HAL_Delay         stm32f7xx_hal.o
    0x080004aa   0x00000002   PAD
    0x080004ac   0x00000250   Code   RO         3215    i.HAL_GPIO_Init     stm32f7xx_hal_gpio.o
    0x080006fc   0x0000000a   Code   RO         3219    i.HAL_GPIO_WritePin  stm32f7xx_hal_gpio.o
    0x08000706   0x00000002   PAD
    0x08000708   0x0000000c   Code   RO         2803    i.HAL_GetTick       stm32f7xx_hal.o
    0x08000714   0x00000078   Code   RO         1313    i.HAL_HalfDuplex_Init  stm32f7xx_hal_uart.o
    0x0800078c   0x00000028   Code   RO         1171    i.HAL_I2CEx_EnableFastModePlus  stm32f7xx_hal_i2c_ex.o
    0x080007b4   0x00000010   Code   RO         2804    i.HAL_IncTick       stm32f7xx_hal.o
    0x080007c4   0x00000024   Code   RO         2805    i.HAL_Init          stm32f7xx_hal.o
    0x080007e8   0x00000028   Code   RO         2806    i.HAL_InitTick      stm32f7xx_hal.o
    0x08000810   0x00000058   Code   RO          163    i.HAL_MspInit       stm32f7xx_hal_msp.o
    0x08000868   0x00000018   Code   RO          586    i.HAL_NVIC_EnableIRQ  stm32f7xx_hal_cortex.o
    0x08000880   0x00000060   Code   RO          592    i.HAL_NVIC_SetPriority  stm32f7xx_hal_cortex.o
    0x080008e0   0x00000024   Code   RO          593    i.HAL_NVIC_SetPriorityGrouping  stm32f7xx_hal_cortex.o
    0x08000904   0x0000007c   Code   RO         3480    i.HAL_PWREx_EnableOverDrive  stm32f7xx_hal_pwr_ex.o
    0x08000980   0x00000092   Code   RO         2963    i.HAL_QSPI_Command  stm32f7xx_hal_qspi.o
    0x08000a12   0x00000002   PAD
    0x08000a14   0x000000cc   Code   RO         2972    i.HAL_QSPI_Init     stm32f7xx_hal_qspi.o
    0x08000ae0   0x0000007c   Code   RO          188    i.HAL_QSPI_MspInit  quadspi.o
    0x08000b5c   0x000000c6   Code   RO         2976    i.HAL_QSPI_Receive  stm32f7xx_hal_qspi.o
    0x08000c22   0x00000002   PAD
    0x08000c24   0x000000be   Code   RO         2985    i.HAL_QSPI_Transmit  stm32f7xx_hal_qspi.o
    0x08000ce2   0x00000002   PAD
    0x08000ce4   0x00000724   Code   RO         1964    i.HAL_RCCEx_PeriphCLKConfig  stm32f7xx_hal_rcc_ex.o
    0x08001408   0x00000002   Code   RO         1210    i.HAL_RCC_CSSCallback  stm32f7xx_hal_rcc.o
    0x0800140a   0x00000002   PAD
    0x0800140c   0x00000208   Code   RO         1211    i.HAL_RCC_ClockConfig  stm32f7xx_hal_rcc.o
    0x08001614   0x00000010   Code   RO         1214    i.HAL_RCC_EnableCSS  stm32f7xx_hal_rcc.o
    0x08001624   0x0000000c   Code   RO         1216    i.HAL_RCC_GetHCLKFreq  stm32f7xx_hal_rcc.o
    0x08001630   0x00000030   Code   RO         1218    i.HAL_RCC_GetPCLK1Freq  stm32f7xx_hal_rcc.o
    0x08001660   0x00000030   Code   RO         1219    i.HAL_RCC_GetPCLK2Freq  stm32f7xx_hal_rcc.o
    0x08001690   0x00000098   Code   RO         1220    i.HAL_RCC_GetSysClockFreq  stm32f7xx_hal_rcc.o
    0x08001728   0x00000024   Code   RO         1222    i.HAL_RCC_NMI_IRQHandler  stm32f7xx_hal_rcc.o
    0x0800174c   0x0000040c   Code   RO         1223    i.HAL_RCC_OscConfig  stm32f7xx_hal_rcc.o
    0x08001b58   0x00000042   Code   RO         3284    i.HAL_SDRAM_Init    stm32f7xx_hal_sdram.o
    0x08001b9a   0x00000002   PAD
    0x08001b9c   0x000000a8   Code   RO          254    i.HAL_SDRAM_MspInit  fmc.o
    0x08001c44   0x00000024   Code   RO         3287    i.HAL_SDRAM_ProgramRefreshRate  stm32f7xx_hal_sdram.o
    0x08001c68   0x0000002e   Code   RO         3293    i.HAL_SDRAM_SendCommand  stm32f7xx_hal_sdram.o
    0x08001c96   0x00000002   Code   RO          868    i.HAL_SPI_ErrorCallback  stm32f7xx_hal_spi.o
    0x08001c98   0x000000f8   Code   RO          871    i.HAL_SPI_IRQHandler  stm32f7xx_hal_spi.o
    0x08001d90   0x000000d2   Code   RO          872    i.HAL_SPI_Init      stm32f7xx_hal_spi.o
    0x08001e62   0x00000002   PAD
    0x08001e64   0x000000bc   Code   RO          439    i.HAL_SPI_MspInit   spi.o
    0x08001f20   0x00000016   Code   RO          595    i.HAL_SYSTICK_CLKSourceConfig  stm32f7xx_hal_cortex.o
    0x08001f36   0x00000002   Code   RO          596    i.HAL_SYSTICK_Callback  stm32f7xx_hal_cortex.o
    0x08001f38   0x00000028   Code   RO          597    i.HAL_SYSTICK_Config  stm32f7xx_hal_cortex.o
    0x08001f60   0x00000008   Code   RO          598    i.HAL_SYSTICK_IRQHandler  stm32f7xx_hal_cortex.o
    0x08001f68   0x00000002   Code   RO         3566    i.HAL_TIMEx_BreakCallback  stm32f7xx_hal_tim_ex.o
    0x08001f6a   0x00000002   Code   RO         3567    i.HAL_TIMEx_CommutationCallback  stm32f7xx_hal_tim_ex.o
    0x08001f6c   0x00000036   Code   RO         2000    i.HAL_TIM_Base_Init  stm32f7xx_hal_tim.o
    0x08001fa2   0x00000002   PAD
    0x08001fa4   0x0000002c   Code   RO          297    i.HAL_TIM_Base_MspInit  tim.o
    0x08001fd0   0x00000002   Code   RO         2029    i.HAL_TIM_IC_CaptureCallback  stm32f7xx_hal_tim.o
    0x08001fd2   0x00000184   Code   RO         2042    i.HAL_TIM_IRQHandler  stm32f7xx_hal_tim.o
    0x08002156   0x00000002   Code   RO         2045    i.HAL_TIM_OC_DelayElapsedCallback  stm32f7xx_hal_tim.o
    0x08002158   0x00000002   Code   RO         2072    i.HAL_TIM_PWM_PulseFinishedCallback  stm32f7xx_hal_tim.o
    0x0800215a   0x00000002   Code   RO         2079    i.HAL_TIM_PeriodElapsedCallback  stm32f7xx_hal_tim.o
    0x0800215c   0x00000002   Code   RO         2083    i.HAL_TIM_TriggerCallback  stm32f7xx_hal_tim.o
    0x0800215e   0x00000002   Code   RO         1326    i.HAL_UART_ErrorCallback  stm32f7xx_hal_uart.o
    0x08002160   0x00000290   Code   RO         1329    i.HAL_UART_IRQHandler  stm32f7xx_hal_uart.o
    0x080023f0   0x00000054   Code   RO            5    i.HAL_UART_MspInit  usart.o
    0x08002444   0x00000002   Code   RO         1336    i.HAL_UART_RxCpltCallback  stm32f7xx_hal_uart.o
    0x08002446   0x00000002   PAD
    0x08002448   0x0000010c   Code   RO         1338    i.HAL_UART_Transmit  stm32f7xx_hal_uart.o
    0x08002554   0x00000002   Code   RO         1341    i.HAL_UART_TxCpltCallback  stm32f7xx_hal_uart.o
    0x08002556   0x00000002   Code   RO          340    i.HardFault_Handler  stm32f7xx_it.o
    0x08002558   0x00000084   Code   RO          255    i.MX_FMC_Init       fmc.o
    0x080025dc   0x00000204   Code   RO          229    i.MX_GPIO_Init      gpio.o
    0x080027e0   0x00000054   Code   RO          189    i.MX_QUADSPI_Init   quadspi.o
    0x08002834   0x0000005c   Code   RO          440    i.MX_SPI1_Init      spi.o
    0x08002890   0x0000005c   Code   RO          441    i.MX_SPI2_Init      spi.o
    0x080028ec   0x0000004c   Code   RO          298    i.MX_TIM14_Init     tim.o
    0x08002938   0x0000005c   Code   RO            6    i.MX_UART4_Init     usart.o
    0x08002994   0x00000002   Code   RO          341    i.MemManage_Handler  stm32f7xx_it.o
    0x08002996   0x00000004   Code   RO          342    i.NMI_Handler       stm32f7xx_it.o
    0x0800299a   0x00000002   Code   RO          343    i.PendSV_Handler    stm32f7xx_it.o
    0x0800299c   0x00000080   Code   RO         4453    i.QSPI_AutoPollingMemReady  bsp_mt25q.o
    0x08002a1c   0x0000024e   Code   RO         2990    i.QSPI_Config       stm32f7xx_hal_qspi.o
    0x08002c6a   0x00000002   PAD
    0x08002c6c   0x00000064   Code   RO         4456    i.QSPI_EraseSector_32K  bsp_mt25q.o
    0x08002cd0   0x00000138   Code   RO         4459    i.QSPI_Quad_Enter   bsp_mt25q.o
    0x08002e08   0x000000b0   Code   RO         4461    i.QSPI_Read_ID      bsp_mt25q.o
    0x08002eb8   0x00000064   Code   RO         4462    i.QSPI_Read_SR      bsp_mt25q.o
    0x08002f1c   0x00000078   Code   RO         4464    i.QSPI_SendCmdData  bsp_mt25q.o
    0x08002f94   0x000002f4   Code   RO         4465    i.QSPI_UserInit     bsp_mt25q.o
    0x08003288   0x00000058   Code   RO         2997    i.QSPI_WaitFlagStateUntilTimeout  stm32f7xx_hal_qspi.o
    0x080032e0   0x00000120   Code   RO         4466    i.QSPI_WriteBuff    bsp_mt25q.o
    0x08003400   0x00000048   Code   RO         4468    i.QSPI_WriteEnable  bsp_mt25q.o
    0x08003448   0x000000c0   Code   RO         4384    i.SDRAM_Initialization_Sequence  sdram_handle.o
    0x08003508   0x0000000c   Code   RO          344    i.SPI1_IRQHandler   stm32f7xx_it.o
    0x08003514   0x0000000c   Code   RO          345    i.SPI2_IRQHandler   stm32f7xx_it.o
    0x08003520   0x00000012   Code   RO          896    i.SPI_DMAAbortOnError  stm32f7xx_hal_spi.o
    0x08003532   0x00000002   Code   RO          346    i.SVC_Handler       stm32f7xx_it.o
    0x08003534   0x0000000e   Code   RO          347    i.SysTick_Handler   stm32f7xx_it.o
    0x08003542   0x00000002   PAD
    0x08003544   0x000000c0   Code   RO          486    i.SystemClock_Config  main.o
    0x08003604   0x00000060   Code   RO         3999    i.SystemInit        system_stm32f7xx.o
    0x08003664   0x0000000c   Code   RO          348    i.TIM8_TRG_COM_TIM14_IRQHandler  stm32f7xx_it.o
    0x08003670   0x000000c8   Code   RO         2084    i.TIM_Base_SetConfig  stm32f7xx_hal_tim.o
    0x08003738   0x0000000c   Code   RO          349    i.UART4_IRQHandler  stm32f7xx_it.o
    0x08003744   0x000000da   Code   RO         1343    i.UART_AdvFeatureConfig  stm32f7xx_hal_uart.o
    0x0800381e   0x00000044   Code   RO         1344    i.UART_CheckIdleState  stm32f7xx_hal_uart.o
    0x08003862   0x00000014   Code   RO         1345    i.UART_DMAAbortOnError  stm32f7xx_hal_uart.o
    0x08003876   0x00000002   PAD
    0x08003878   0x000002a0   Code   RO         1351    i.UART_SetConfig    stm32f7xx_hal_uart.o
    0x08003b18   0x00000076   Code   RO         1352    i.UART_WaitOnFlagUntilTimeout  stm32f7xx_hal_uart.o
    0x08003b8e   0x00000002   Code   RO          350    i.UsageFault_Handler  stm32f7xx_it.o
    0x08003b90   0x00000002   Code   RO          487    i._Error_Handler    main.o
    0x08003b92   0x00000002   PAD
    0x08003b94   0x00000020   Code   RO         4783    i.__0printf$5       mc_w.l(printf5.o)
    0x08003bb4   0x0000000a   Code   RO         4167    i.__ARM_common_memcpy4_5  cmd_handle.o
    0x08003bbe   0x0000001a   Code   RO         4196    i.__delay           gpio_handle.o
    0x08003bd8   0x0000000e   Code   RO         4953    i.__scatterload_copy  mc_w.l(handlers.o)
    0x08003be6   0x00000002   Code   RO         4954    i.__scatterload_null  mc_w.l(handlers.o)
    0x08003be8   0x0000000e   Code   RO         4955    i.__scatterload_zeroinit  mc_w.l(handlers.o)
    0x08003bf6   0x00000002   PAD
    0x08003bf8   0x00000040   Code   RO         4073    i.__to_spi_idle     spi_handle.o
    0x08003c38   0x000002c0   Code   RO         4790    i._printf_core      mc_w.l(printf5.o)
    0x08003ef8   0x000001f0   Code   RO         4138    i.analyze_msg       cmd_handle.o
    0x080040e8   0x00000078   Code   RO         4331    i.flash_clean       flash_handle.o
    0x08004160   0x000000fc   Code   RO         4333    i.flash_write       flash_handle.o
    0x0800425c   0x00000024   Code   RO         4043    i.fputc             uart.o
    0x08004280   0x00000070   Code   RO         4387    i.fsmc_sdram_test   sdram_handle.o
    0x080042f0   0x0000003c   Code   RO         4334    i.get_flash_address  flash_handle.o
    0x0800432c   0x00000028   Code   RO         4197    i.gpio_convert_all  gpio_handle.o
    0x08004354   0x000000c4   Code   RO         4198    i.gpio_convert_one  gpio_handle.o
    0x08004418   0x00000138   Code   RO          488    i.main              main.o
    0x08004550   0x000000cc   Code   RO         4199    i.reset_ctrl_all    gpio_handle.o
    0x0800461c   0x00000054   Code   RO         4205    i.reset_ctrl_port6  gpio_handle.o
    0x08004670   0x00000054   Code   RO         4077    i.spi_int_config    spi_handle.o
    0x080046c4   0x000001f8   Code   RO         4078    i.spi_rx_isr        spi_handle.o
    0x080048bc   0x000000f4   Code   RO         4208    i.sync_ctrl_all     gpio_handle.o
    0x080049b0   0x00000054   Code   RO         4214    i.sync_ctrl_port6   gpio_handle.o
    0x08004a04   0x00000010   Data   RO         4000    .constdata          system_stm32f7xx.o
    0x08004a14   0x00000008   Data   RO         4001    .constdata          system_stm32f7xx.o
    0x08004a1c   0x000000e0   Data   RO         4336    .constdata          flash_handle.o
    0x08004afc   0x00000020   Data   RO         4951    Region$$Table       anon$$obj.o


    Execution Region RW_IRAM1 (Base: 0x20000000, Size: 0x00002510, Max: 0x00080000, ABSOLUTE)

    Base Addr    Size         Type   Attr      Idx    E Section Name        Object

    0x20000000   0x00000008   Data   RW          257    .data               fmc.o
    0x20000008   0x00000004   Data   RW         2811    .data               stm32f7xx_hal.o
    0x2000000c   0x00000004   Data   RW         4002    .data               system_stm32f7xx.o
    0x20000010   0x00000001   Data   RW         4044    .data               uart.o
    0x20000011   0x00000003   PAD
    0x20000014   0x00000015   Data   RW         4081    .data               spi_handle.o
    0x20000029   0x00000003   PAD
    0x2000002c   0x00000008   Data   RW         4141    .data               cmd_handle.o
    0x20000034   0x00000005   Data   RW         4142    .data               cmd_handle.o
    0x20000039   0x00000001   Data   RW         4473    .data               bsp_mt25q.o
    0x2000003a   0x00000002   PAD
    0x2000003c   0x00000004   Data   RW         4925    .data               mc_w.l(stdout.o)
    0x20000040   0x00000070   Zero   RW            7    .bss                usart.o
    0x200000b0   0x0000004c   Zero   RW          190    .bss                quadspi.o
    0x200000fc   0x00000034   Zero   RW          256    .bss                fmc.o
    0x20000130   0x00000040   Zero   RW          299    .bss                tim.o
    0x20000170   0x000000c8   Zero   RW          442    .bss                spi.o
    0x20000238   0x00000100   Zero   RW         4079    .bss                spi_handle.o
    0x20000338   0x0000000c   Zero   RW         4080    .bss                spi_handle.o
    0x20000344   0x00000960   Zero   RW         4140    .bss                cmd_handle.o
    0x20000ca4   0x00000050   Zero   RW         4217    .bss                gpio_handle.o
    0x20000cf4   0x0000101c   Zero   RW         4472    .bss                bsp_mt25q.o
    0x20001d10   0x00000800   Zero   RW         4033    STACK               startup_stm32f765xx.o


==============================================================================

Image component sizes


      Code (inc. data)   RO Data    RW Data    ZI Data      Debug   Object Name

      2052        612          0          1       4124      15618   bsp_mt25q.o
       506        118          0         13       2400       8141   cmd_handle.o
       432        200        224          0          0       3084   flash_handle.o
       300         54          0          8         52       1976   fmc.o
       516         32          0          0          0       1327   gpio.o
       878        194          0          0         80       6937   gpio_handle.o
       506         70          0          0          0      34702   main.o
       208         44          0          0         76       1761   quadspi.o
       304         56          0          0          0       2654   sdram_handle.o
       372         78          0          0        200       2370   spi.o
       652        178          0         21        268       4375   spi_handle.o
        36          8        504          0       2048        812   startup_stm32f765xx.o
       126         22          0          4          0       3851   stm32f7xx_hal.o
       228         14          0          0          0      36741   stm32f7xx_hal_cortex.o
        36          0          0          0          0       1567   stm32f7xx_hal_dma.o
       602         20          0          0          0       2524   stm32f7xx_hal_gpio.o
        40          8          0          0          0       1087   stm32f7xx_hal_i2c_ex.o
        88          0          0          0          0        538   stm32f7xx_hal_msp.o
       124          8          0          0          0       1276   stm32f7xx_hal_pwr_ex.o
      1416          4          0          0          0       7710   stm32f7xx_hal_qspi.o
      1870        120          0          0          0       7733   stm32f7xx_hal_rcc.o
      1828         48          0          0          0       2368   stm32f7xx_hal_rcc_ex.o
       148          0          0          0          0       2804   stm32f7xx_hal_sdram.o
       478          6          0          0          0       4101   stm32f7xx_hal_spi.o
       652         20          0          0          0       7499   stm32f7xx_hal_tim.o
         4          0          0          0          0       1890   stm32f7xx_hal_tim_ex.o
      2146         42          0          0          0      10892   stm32f7xx_hal_uart.o
        80         24          0          0          0       6121   stm32f7xx_it.o
       338          0          0          0          0       3632   stm32f7xx_ll_fmc.o
        96         20         24          4          0       1263   system_stm32f7xx.o
       120         30          0          0         64       1608   tim.o
        36         10          0          1          0        732   uart.o
       176         34          0          0        112     869280   usart.o

    ----------------------------------------------------------------------
     17422       2074        784         60       9424    1058974   Object Totals
         0          0         32          0          0          0   (incl. Generated)
        28          0          0          8          0          0   (incl. Padding)

    ----------------------------------------------------------------------

      Code (inc. data)   RO Data    RW Data    ZI Data      Debug   Library Member Name

         0          0          0          0          0          0   entry.o
         0          0          0          0          0          0   entry10a.o
         0          0          0          0          0          0   entry11a.o
         8          4          0          0          0          0   entry2.o
         4          0          0          0          0          0   entry5.o
         0          0          0          0          0          0   entry7b.o
         0          0          0          0          0          0   entry8b.o
         8          4          0          0          0          0   entry9a.o
        30          0          0          0          0          0   handlers.o
        36          8          0          0          0         68   init.o
        30          0          0          0          0         68   llshl.o
        32          0          0          0          0         68   llushr.o
        36          0          0          0          0         68   memcpya.o
       736         56          0          0          0        184   printf5.o
         0          0          0          4          0          0   stdout.o
        98          0          0          0          0         92   uldiv.o

    ----------------------------------------------------------------------
      1022         72          0          4          0        548   Library Totals
         4          0          0          0          0          0   (incl. Padding)

    ----------------------------------------------------------------------

      Code (inc. data)   RO Data    RW Data    ZI Data      Debug   Library Name

      1018         72          0          4          0        548   mc_w.l

    ----------------------------------------------------------------------
      1022         72          0          4          0        548   Library Totals

    ----------------------------------------------------------------------

==============================================================================


      Code (inc. data)   RO Data    RW Data    ZI Data      Debug   

     18444       2146        784         64       9424    1048018   Grand Totals
     18444       2146        784         64       9424    1048018   ELF Image Totals
     18444       2146        784         64          0          0   ROM Totals

==============================================================================

    Total RO  Size (Code + RO Data)                19228 (  18.78kB)
    Total RW  Size (RW Data + ZI Data)              9488 (   9.27kB)
    Total ROM Size (Code + RO Data + RW Data)      19292 (  18.84kB)

==============================================================================

